boot-repair-4ppa130                                              [20210430_0707]

============================= Boot Repair Summary ==============================



cat: /sys/firmware/efi/vars/SecureBoot-8be4df61-93ca-11d2-aa0d-00e098032b8c/data: Input/output error
show_order(): Interrupted system call

Recommended repair: ____________________________________________________________

The default repair of the Boot-Repair utility will reinstall the grub-efi-amd64-signed of
sda2,
using the following options:        sda1/boot/efi,
Additional repair will be performed: unhide-bootmenu-10s  use-standard-efi-file  restore-efi-backups


/boot/efi added in sda2/fstab
rm /mnt/boot-sav/sda1/efi/Boot/bootx64.efi
mv /mnt/boot-sav/sda1/efi/Boot/bkpbootx64.efi /mnt/boot-sav/sda1/efi/Boot/bootx64.efi
Mount sda1 on /mnt/boot-sav/sda2/boot/efi

================= Reinstall the grub-efi-amd64-signed of sda2 ==================

grub-install --version
grub-install (GRUB) 2.04-1ubuntu26.8

efibootmgr -v from chroot before grub install
show_order(): Input/output error
Skipping unreadable variable "Boot0000": Input/output error
Skipping unreadable variable "Boot0001": Input/output error
Skipping unreadable variable "Boot0002": Input/output error
Skipping unreadable variable "Boot0004": Input/output error
Skipping unreadable variable "Boot0005": Input/output error
Skipping unreadable variable "Boot0006": Input/output error
Skipping unreadable variable "Boot0007": Input/output error
Skipping unreadable variable "Boot2001": Input/output error
Skipping unreadable variable "Boot2002": Input/output error
Skipping unreadable variable "Boot2003": Input/output error

uname -r
5.8.0-43-generic

grub-install --efi-directory=/boot/efi --target=x86_64-efi --uefi-secure-boot
Installing for x86_64-efi platform.
grub-install: warning: Cannot read EFI Boot* variables.
grub-install: warning: read_file: could not read from file: Input/output error.
grub-install: warning: vars_get_variable: read_file(/sys/firmware/efi/vars/Boot2001-8be4df61-93ca-11d2-aa0d-00e098032b8c/raw_var) failed: Input/output error.
grub-install: warning: efi_get_variable: ops->get_variable failed: Input/output error.
grub-install: error: failed to register the EFI boot entry: Input/output error.
Exit code: 1

dosfsck -a /dev/sda1
fsck.fat 4.1 (2017-01-24)
0x41: Dirty bit is set. Fs was not properly unmounted and some data may be corrupt.
Automatically removing dirty bit.
Performing changes.
/dev/sda1: 12 files, 2409/130812 clusters

grub-install --efi-directory=/boot/efi --target=x86_64-efi --uefi-secure-boot
Installing for x86_64-efi platform.
grub-install: warning: Cannot read EFI Boot* variables.
grub-install: warning: read_file: could not read from file: Input/output error.
grub-install: warning: vars_get_variable: read_file(/sys/firmware/efi/vars/Boot2001-8be4df61-93ca-11d2-aa0d-00e098032b8c/raw_var) failed: Input/output error.
grub-install: warning: efi_get_variable: ops->get_variable failed: Input/output error.
grub-install: error: failed to register the EFI boot entry: Input/output error.
Exit code: 1

rm -Rf /dev/sda1/ubuntu .. fedora

grub-install --efi-directory=/boot/efi --target=x86_64-efi --uefi-secure-boot
Installing for x86_64-efi platform.
grub-install: warning: Cannot read EFI Boot* variables.
grub-install: warning: read_file: could not read from file: Input/output error.
grub-install: warning: vars_get_variable: read_file(/sys/firmware/efi/vars/Boot2001-8be4df61-93ca-11d2-aa0d-00e098032b8c/raw_var) failed: Input/output error.
grub-install: warning: efi_get_variable: ops->get_variable failed: Input/output error.
grub-install: error: failed to register the EFI boot entry: Input/output error.
Exit code: 1

=================== (Write-locked ESP) dmesg:
[    0.000000] microcode: microcode updated early to revision 0x40, date = 2020-02-27
[    0.000000] Linux version 5.8.0-43-generic (buildd@lcy01-amd64-018) (gcc (Ubuntu 9.3.0-17ubuntu1~20.04) 9.3.0, GNU ld (GNU Binutils for Ubuntu) 2.34) #49~20.04.1-Ubuntu SMP Fri Feb 5 09:57:56 UTC 2021 (Ubuntu 5.8.0-43.49~20.04.1-generic 5.8.18)
[    0.000000] Command line: BOOT_IMAGE=/casper/vmlinuz file=/cdrom/preseed/ubuntu.seed maybe-ubiquity quiet splash ---
[    0.000000] KERNEL supported cpus:
[    0.000000]   Intel GenuineIntel
[    0.000000]   AMD AuthenticAMD
[    0.000000]   Hygon HygonGenuine
[    0.000000]   Centaur CentaurHauls
[    0.000000]   zhaoxin   Shanghai
[    0.000000] x86/fpu: Supporting XSAVE feature 0x001: 'x87 floating point registers'
[    0.000000] x86/fpu: Supporting XSAVE feature 0x002: 'SSE registers'
[    0.000000] x86/fpu: Supporting XSAVE feature 0x008: 'MPX bounds registers'
[    0.000000] x86/fpu: Supporting XSAVE feature 0x010: 'MPX CSR'
[    0.000000] x86/fpu: xstate_offset[3]:  576, xstate_sizes[3]:   64
[    0.000000] x86/fpu: xstate_offset[4]:  640, xstate_sizes[4]:   64
[    0.000000] x86/fpu: Enabled xstate features 0x1b, context size is 704 bytes, using 'compacted' format.
[    0.000000] BIOS-provided physical RAM map:
[    0.000000] BIOS-e820: [mem 0x0000000000000000-0x0000000000057fff] usable
[    0.000000] BIOS-e820: [mem 0x0000000000058000-0x0000000000058fff] reserved
[    0.000000] BIOS-e820: [mem 0x0000000000059000-0x000000000008ffff] usable
[    0.000000] BIOS-e820: [mem 0x0000000000090000-0x00000000000fffff] reserved
[    0.000000] BIOS-e820: [mem 0x0000000000100000-0x000000000fffffff] usable
[    0.000000] BIOS-e820: [mem 0x0000000010000000-0x0000000012150fff] reserved
[    0.000000] BIOS-e820: [mem 0x0000000012151000-0x0000000067b3ffff] usable
[    0.000000] BIOS-e820: [mem 0x0000000067b40000-0x0000000067b40fff] ACPI NVS
[    0.000000] BIOS-e820: [mem 0x0000000067b41000-0x0000000067b6afff] reserved
[    0.000000] BIOS-e820: [mem 0x0000000067b6b000-0x0000000067ba6fff] usable
[    0.000000] BIOS-e820: [mem 0x0000000067ba7000-0x0000000068ba6fff] ACPI NVS
[    0.000000] BIOS-e820: [mem 0x0000000068ba7000-0x000000007822efff] usable
[    0.000000] BIOS-e820: [mem 0x000000007822f000-0x000000007aebefff] reserved
[    0.000000] BIOS-e820: [mem 0x000000007aebf000-0x000000007afbefff] ACPI NVS
[    0.000000] BIOS-e820: [mem 0x000000007afbf000-0x000000007affefff] ACPI data
[    0.000000] BIOS-e820: [mem 0x000000007afff000-0x000000007affffff] usable
[    0.000000] BIOS-e820: [mem 0x000000007b000000-0x000000007fffffff] reserved
[    0.000000] BIOS-e820: [mem 0x00000000e0000000-0x00000000e3ffffff] reserved
[    0.000000] BIOS-e820: [mem 0x00000000fed01000-0x00000000fed01fff] reserved
[    0.000000] BIOS-e820: [mem 0x00000000ff800000-0x00000000ffffffff] reserved
[    0.000000] BIOS-e820: [mem 0x0000000100000000-0x000000017fffffff] usable
[    0.000000] NX (Execute Disable) protection: active
[    0.000000] e820: update [mem 0x6b817018-0x6b827057] usable ==> usable
[    0.000000] e820: update [mem 0x6b817018-0x6b827057] usable ==> usable
[    0.000000] e820: update [mem 0x6b80a018-0x6b816857] usable ==> usable
[    0.000000] e820: update [mem 0x6b80a018-0x6b816857] usable ==> usable
[    0.000000] extended physical RAM map:
[    0.000000] reserve setup_data: [mem 0x0000000000000000-0x0000000000057fff] usable
[    0.000000] reserve setup_data: [mem 0x0000000000058000-0x0000000000058fff] reserved
[    0.000000] reserve setup_data: [mem 0x0000000000059000-0x000000000008ffff] usable
[    0.000000] reserve setup_data: [mem 0x0000000000090000-0x00000000000fffff] reserved
[    0.000000] reserve setup_data: [mem 0x0000000000100000-0x000000000fffffff] usable
[    0.000000] reserve setup_data: [mem 0x0000000010000000-0x0000000012150fff] reserved
[    0.000000] reserve setup_data: [mem 0x0000000012151000-0x0000000067b3ffff] usable
[    0.000000] reserve setup_data: [mem 0x0000000067b40000-0x0000000067b40fff] ACPI NVS
[    0.000000] reserve setup_data: [mem 0x0000000067b41000-0x0000000067b6afff] reserved
[    0.000000] reserve setup_data: [mem 0x0000000067b6b000-0x0000000067ba6fff] usable
[    0.000000] reserve setup_data: [mem 0x0000000067ba7000-0x0000000068ba6fff] ACPI NVS
[    0.000000] reserve setup_data: [mem 0x0000000068ba7000-0x000000006b80a017] usable
[    0.000000] reserve setup_data: [mem 0x000000006b80a018-0x000000006b816857] usable
[    0.000000] reserve setup_data: [mem 0x000000006b816858-0x000000006b817017] usable
[    0.000000] reserve setup_data: [mem 0x000000006b817018-0x000000006b827057] usable
[    0.000000] reserve setup_data: [mem 0x000000006b827058-0x000000007822efff] usable
[    0.000000] reserve setup_data: [mem 0x000000007822f000-0x000000007aebefff] reserved
[    0.000000] reserve setup_data: [mem 0x000000007aebf000-0x000000007afbefff] ACPI NVS
[    0.000000] reserve setup_data: [mem 0x000000007afbf000-0x000000007affefff] ACPI data
[    0.000000] reserve setup_data: [mem 0x000000007afff000-0x000000007affffff] usable
[    0.000000] reserve setup_data: [mem 0x000000007b000000-0x000000007fffffff] reserved
[    0.000000] reserve setup_data: [mem 0x00000000e0000000-0x00000000e3ffffff] reserved
[    0.000000] reserve setup_data: [mem 0x00000000fed01000-0x00000000fed01fff] reserved
[    0.000000] reserve setup_data: [mem 0x00000000ff800000-0x00000000ffffffff] reserved
[    0.000000] reserve setup_data: [mem 0x0000000100000000-0x000000017fffffff] usable
[    0.000000] efi: EFI v2.50 by INSYDE Corp.
[    0.000000] efi: ACPI 2.0=0x7affe014 SMBIOS=0x78767000 SMBIOS 3.0=0x78765000 ESRT=0x78763018 PROP=0x66d4c258 RNG=0x78763918 TPMEventLog=0x6b82a018
[    0.000000] efi: seeding entropy pool
[    0.000000] random: fast init done
[    0.000000] [Firmware Bug]: TPM Final Events table missing or invalid
[    0.000000] secureboot: Secure boot disabled
[    0.000000] SMBIOS 3.0.0 present.
[    0.000000] DMI: LENOVO 80XR/LNVNB161216, BIOS 5RCN20WW 05/22/2017
[    0.000000] tsc: Detected 1094.400 MHz processor
[    0.002868] e820: update [mem 0x00000000-0x00000fff] usable ==> reserved
[    0.002873] e820: remove [mem 0x000a0000-0x000fffff] usable
[    0.002894] last_pfn = 0x180000 max_arch_pfn = 0x400000000
[    0.002902] MTRR default type: uncachable
[    0.002904] MTRR fixed ranges enabled:
[    0.002907]   00000-9FFFF write-back
[    0.002910]   A0000-BFFFF uncachable
[    0.002913]   C0000-FFFFF write-protect
[    0.002914] MTRR variable ranges enabled:
[    0.002918]   0 base 0000000000 mask 7F80000000 write-back
[    0.002922]   1 base 007C000000 mask 7FFC000000 uncachable
[    0.002924]   2 base 007B000000 mask 7FFF000000 uncachable
[    0.002927]   3 base 0100000000 mask 7F80000000 write-back
[    0.002930]   4 base 00FFC00000 mask 70FFC00000 write-combining
[    0.002932]   5 disabled
[    0.002934]   6 disabled
[    0.002935]   7 disabled
[    0.002937]   8 disabled
[    0.002939]   9 disabled
[    0.003059] x86/PAT: Configuration [0-7]: WB  WC  UC- UC  WB  WP  UC- WT
[    0.003162] last_pfn = 0x7b000 max_arch_pfn = 0x400000000
[    0.013621] esrt: Reserving ESRT space from 0x0000000078763018 to 0x0000000078763050.
[    0.013657] check: Scanning 1 areas for low memory corruption
[    0.013678] Using GB pages for direct mapping
[    0.017505] secureboot: Secure boot disabled
[    0.017509] RAMDISK: [mem 0x3a532000-0x3fffdfff]
[    0.017533] ACPI: Early table checksum verification disabled
[    0.017541] ACPI: RSDP 0x000000007AFFE014 000024 (v02 LENOVO)
[    0.017550] ACPI: XSDT 0x000000007AFE1188 0000E4 (v01 LENOVO CB-01    00000001      01000013)
[    0.017563] ACPI: FACP 0x000000007AFF4000 000114 (v06 LENOVO CB-01    00000001 ACPI 00040000)
[    0.017577] ACPI: DSDT 0x000000007AFE7000 007E78 (v02 LENOVO CB-01    00000001 ACPI 00040000)
[    0.017586] ACPI: FACS 0x000000007AFAE000 000040
[    0.017592] ACPI: FACS 0x000000007AFAE000 000040
[    0.017599] ACPI: UEFI 0x000000007AFFD000 000236 (v01 LENOVO CB-01    00000001 ACPI 00040000)
[    0.017607] ACPI: POAT 0x000000007AFFC000 000055 (v03 LENOVO CB-01    00000001 ACPI 00040000)
[    0.017615] ACPI: BDAT 0x000000007AFFB000 000030 (v02 LENOVO CB-01    00000001 ACPI 00040000)
[    0.017623] ACPI: UEFI 0x000000007AFFA000 000042 (v01 LENOVO CB-01    00000001 ACPI 00040000)
[    0.017631] ACPI: SSDT 0x000000007AFF9000 000554 (v01 LENOVO CB-01    00000001 ACPI 00040000)
[    0.017639] ACPI: TPM2 0x000000007AFF8000 000034 (v03 LENOVO CB-01    00000001 ACPI 00040000)
[    0.017647] ACPI: DBG2 0x000000007AFF7000 000072 (v00 LENOVO CB-01    00000001 ACPI 00040000)
[    0.017655] ACPI: DBGP 0x000000007AFF6000 000034 (v01 LENOVO CB-01    00000001 ACPI 00040000)
[    0.017663] ACPI: HPET 0x000000007AFF3000 000038 (v01 LENOVO CB-01    00000001 ACPI 00040000)
[    0.017670] ACPI: LPIT 0x000000007AFF2000 00005C (v01 LENOVO CB-01    00000001 ACPI 00040000)
[    0.017678] ACPI: APIC 0x000000007AFF1000 000084 (v03 LENOVO CB-01    00000001 ACPI 00040000)
[    0.017686] ACPI: MCFG 0x000000007AFF0000 00003C (v01 LENOVO CB-01    00000001 ACPI 00040000)
[    0.017694] ACPI: NPKT 0x000000007AFEF000 000065 (v01 LENOVO CB-01    00000001 ACPI 00040000)
[    0.017702] ACPI: SSDT 0x000000007AFE6000 0002AF (v01 LENOVO CB-01    00000001 ACPI 00040000)
[    0.017710] ACPI: SSDT 0x000000007AFE5000 000400 (v02 LENOVO CB-01    00000001 ACPI 00040000)
[    0.017718] ACPI: SSDT 0x000000007AFE4000 00072B (v02 LENOVO CB-01    00000001 ACPI 00040000)
[    0.017726] ACPI: SSDT 0x000000007AFE3000 00032D (v02 LENOVO CB-01    00000001 ACPI 00040000)
[    0.017734] ACPI: SSDT 0x000000007AFE2000 00017C (v02 LENOVO CB-01    00000001 ACPI 00040000)
[    0.017742] ACPI: SSDT 0x000000007AFDE000 002701 (v02 LENOVO CB-01    00000001 ACPI 00040000)
[    0.017750] ACPI: FPDT 0x000000007AFDD000 000034 (v01 LENOVO CB-01    00000001 ACPI 00040000)
[    0.017758] ACPI: WDAT 0x000000007AFF5000 000104 (v01 LENOVO CB-01    00000001 ACPI 00040000)
[    0.017766] ACPI: BGRT 0x000000007AFDC000 000038 (v01 LENOVO CB-01    00000001 ACPI 00040000)
[    0.017774] ACPI: NHLT 0x000000007AFDB000 00002D (v00 LENOVO CB-01    00000001      01000013)
[    0.017801] ACPI: Local APIC address 0xfee00000
[    0.018113] No NUMA configuration found
[    0.018117] Faking a node at [mem 0x0000000000000000-0x000000017fffffff]
[    0.018146] NODE_DATA(0) allocated [mem 0x17ffd6000-0x17fffffff]
[    0.019413] Zone ranges:
[    0.019416]   DMA      [mem 0x0000000000001000-0x0000000000ffffff]
[    0.019419]   DMA32    [mem 0x0000000001000000-0x00000000ffffffff]
[    0.019423]   Normal   [mem 0x0000000100000000-0x000000017fffffff]
[    0.019425]   Device   empty
[    0.019428] Movable zone start for each node
[    0.019435] Early memory node ranges
[    0.019438]   node   0: [mem 0x0000000000001000-0x0000000000057fff]
[    0.019441]   node   0: [mem 0x0000000000059000-0x000000000008ffff]
[    0.019443]   node   0: [mem 0x0000000000100000-0x000000000fffffff]
[    0.019445]   node   0: [mem 0x0000000012151000-0x0000000067b3ffff]
[    0.019448]   node   0: [mem 0x0000000067b6b000-0x0000000067ba6fff]
[    0.019450]   node   0: [mem 0x0000000068ba7000-0x000000007822efff]
[    0.019452]   node   0: [mem 0x000000007afff000-0x000000007affffff]
[    0.019454]   node   0: [mem 0x0000000100000000-0x000000017fffffff]
[    0.020839] Zeroed struct page in unavailable ranges: 44990 pages
[    0.020843] Initmem setup node 0 [mem 0x0000000000001000-0x000000017fffffff]
[    0.020848] On node 0 totalpages: 1003586
[    0.020852]   DMA zone: 64 pages used for memmap
[    0.020854]   DMA zone: 1143 pages reserved
[    0.020856]   DMA zone: 3982 pages, LIFO batch:0
[    0.020935]   DMA32 zone: 7427 pages used for memmap
[    0.020937]   DMA32 zone: 475316 pages, LIFO batch:63
[    0.030030]   Normal zone: 8192 pages used for memmap
[    0.030033]   Normal zone: 524288 pages, LIFO batch:63
[    0.040069] Reserving Intel graphics memory at [mem 0x7c000000-0x7fffffff]
[    0.040382] ACPI: PM-Timer IO Port: 0x408
[    0.040389] ACPI: Local APIC address 0xfee00000
[    0.040408] ACPI: LAPIC_NMI (acpi_id[0x01] high level lint[0x1])
[    0.040411] ACPI: LAPIC_NMI (acpi_id[0x02] high level lint[0x1])
[    0.040413] ACPI: LAPIC_NMI (acpi_id[0x03] high level lint[0x1])
[    0.040415] ACPI: LAPIC_NMI (acpi_id[0x04] high level lint[0x1])
[    0.040454] IOAPIC[0]: apic_id 1, version 32, address 0xfec00000, GSI 0-119
[    0.040460] ACPI: INT_SRC_OVR (bus 0 bus_irq 0 global_irq 2 dfl dfl)
[    0.040464] ACPI: INT_SRC_OVR (bus 0 bus_irq 9 global_irq 9 low level)
[    0.040467] ACPI: IRQ0 used by override.
[    0.040470] ACPI: IRQ9 used by override.
[    0.040475] Using ACPI (MADT) for SMP configuration information
[    0.040478] ACPI: HPET id: 0x8086a701 base: 0xfed00000
[    0.040501] e820: update [mem 0x76645000-0x766c0fff] usable ==> reserved
[    0.040529] TSC deadline timer available
[    0.040532] smpboot: Allowing 4 CPUs, 0 hotplug CPUs
[    0.040606] PM: hibernation: Registered nosave memory: [mem 0x00000000-0x00000fff]
[    0.040611] PM: hibernation: Registered nosave memory: [mem 0x00058000-0x00058fff]
[    0.040616] PM: hibernation: Registered nosave memory: [mem 0x00090000-0x000fffff]
[    0.040621] PM: hibernation: Registered nosave memory: [mem 0x10000000-0x12150fff]
[    0.040627] PM: hibernation: Registered nosave memory: [mem 0x67b40000-0x67b40fff]
[    0.040628] PM: hibernation: Registered nosave memory: [mem 0x67b41000-0x67b6afff]
[    0.040634] PM: hibernation: Registered nosave memory: [mem 0x67ba7000-0x68ba6fff]
[    0.040639] PM: hibernation: Registered nosave memory: [mem 0x6b80a000-0x6b80afff]
[    0.040644] PM: hibernation: Registered nosave memory: [mem 0x6b816000-0x6b816fff]
[    0.040646] PM: hibernation: Registered nosave memory: [mem 0x6b817000-0x6b817fff]
[    0.040651] PM: hibernation: Registered nosave memory: [mem 0x6b827000-0x6b827fff]
[    0.040657] PM: hibernation: Registered nosave memory: [mem 0x76645000-0x766c0fff]
[    0.040662] PM: hibernation: Registered nosave memory: [mem 0x7822f000-0x7aebefff]
[    0.040664] PM: hibernation: Registered nosave memory: [mem 0x7aebf000-0x7afbefff]
[    0.040666] PM: hibernation: Registered nosave memory: [mem 0x7afbf000-0x7affefff]
[    0.040672] PM: hibernation: Registered nosave memory: [mem 0x7b000000-0x7fffffff]
[    0.040674] PM: hibernation: Registered nosave memory: [mem 0x80000000-0xdfffffff]
[    0.040676] PM: hibernation: Registered nosave memory: [mem 0xe0000000-0xe3ffffff]
[    0.040678] PM: hibernation: Registered nosave memory: [mem 0xe4000000-0xfed00fff]
[    0.040680] PM: hibernation: Registered nosave memory: [mem 0xfed01000-0xfed01fff]
[    0.040681] PM: hibernation: Registered nosave memory: [mem 0xfed02000-0xff7fffff]
[    0.040683] PM: hibernation: Registered nosave memory: [mem 0xff800000-0xffffffff]
[    0.040688] [mem 0x80000000-0xdfffffff] available for PCI devices
[    0.040691] Booting paravirtualized kernel on bare hardware
[    0.040698] clocksource: refined-jiffies: mask: 0xffffffff max_cycles: 0xffffffff, max_idle_ns: 7645519600211568 ns
[    0.040721] setup_percpu: NR_CPUS:8192 nr_cpumask_bits:4 nr_cpu_ids:4 nr_node_ids:1
[    0.041593] percpu: Embedded 56 pages/cpu s192512 r8192 d28672 u524288
[    0.041616] pcpu-alloc: s192512 r8192 d28672 u524288 alloc=1*2097152
[    0.041619] pcpu-alloc: [0] 0 1 2 3
[    0.041718] Built 1 zonelists, mobility grouping on.  Total pages: 986760
[    0.041722] Policy zone: Normal
[    0.041726] Kernel command line: BOOT_IMAGE=/casper/vmlinuz file=/cdrom/preseed/ubuntu.seed maybe-ubiquity quiet splash ---
[    0.043121] Dentry cache hash table entries: 524288 (order: 10, 4194304 bytes, linear)
[    0.043712] Inode-cache hash table entries: 262144 (order: 9, 2097152 bytes, linear)
[    0.043831] mem auto-init: stack:off, heap alloc:on, heap free:off
[    0.093691] Memory: 3691552K/4014344K available (14339K kernel code, 2563K rwdata, 5356K rodata, 2636K init, 4900K bss, 322792K reserved, 0K cma-reserved)
[    0.093708] random: get_random_u64 called from kmem_cache_open+0x2d/0x410 with crng_init=1
[    0.094122] SLUB: HWalign=64, Order=0-3, MinObjects=0, CPUs=4, Nodes=1
[    0.094160] ftrace: allocating 46188 entries in 181 pages
[    0.136634] ftrace: allocated 181 pages with 5 groups
[    0.136969] rcu: Hierarchical RCU implementation.
[    0.136973] rcu: 	RCU restricting CPUs from NR_CPUS=8192 to nr_cpu_ids=4.
[    0.136975] 	Trampoline variant of Tasks RCU enabled.
[    0.136976] 	Rude variant of Tasks RCU enabled.
[    0.136977] 	Tracing variant of Tasks RCU enabled.
[    0.136980] rcu: RCU calculated value of scheduler-enlistment delay is 25 jiffies.
[    0.136982] rcu: Adjusting geometry for rcu_fanout_leaf=16, nr_cpu_ids=4
[    0.147700] NR_IRQS: 524544, nr_irqs: 1024, preallocated irqs: 16
[    0.148345] random: crng done (trusting CPU's manufacturer)
[    0.148423] Console: colour dummy device 80x25
[    0.148434] printk: console [tty0] enabled
[    0.148496] ACPI: Core revision 20200528
[    0.148990] clocksource: hpet: mask: 0xffffffff max_cycles: 0xffffffff, max_idle_ns: 99544814920 ns
[    0.149095] APIC: Switch to symmetric I/O mode setup
[    0.150411] x2apic: IRQ remapping doesn't support X2APIC mode
[    0.155303] ..TIMER: vector=0x30 apic1=0 pin1=2 apic2=-1 pin2=-1
[    0.173045] clocksource: tsc-early: mask: 0xffffffffffffffff max_cycles: 0xfc66f4fc7c, max_idle_ns: 440795224246 ns
[    0.173056] Calibrating delay loop (skipped), value calculated using timer frequency.. 2188.80 BogoMIPS (lpj=4377600)
[    0.173062] pid_max: default: 32768 minimum: 301
[    0.180487] LSM: Security Framework initializing
[    0.180524] Yama: becoming mindful.
[    0.180600] AppArmor: AppArmor initialized
[    0.180715] Mount-cache hash table entries: 8192 (order: 4, 65536 bytes, linear)
[    0.180735] Mountpoint-cache hash table entries: 8192 (order: 4, 65536 bytes, linear)
[    0.181479] x86/cpu: VMX (outside TXT) disabled by BIOS
[    0.181570] mce: CPU0: Thermal monitoring enabled (TM1)
[    0.181662] Last level iTLB entries: 4KB 48, 2MB 0, 4MB 0
[    0.181664] Last level dTLB entries: 4KB 0, 2MB 0, 4MB 0, 1GB 0
[    0.181673] Spectre V1 : Mitigation: usercopy/swapgs barriers and __user pointer sanitization
[    0.181676] Spectre V2 : Mitigation: Full generic retpoline
[    0.181678] Spectre V2 : Spectre v2 / SpectreRSB mitigation: Filling RSB on context switch
[    0.181679] Spectre V2 : Enabling Restricted Speculation for firmware calls
[    0.181683] Spectre V2 : mitigation: Enabling conditional Indirect Branch Prediction Barrier
[    0.182266] Freeing SMP alternatives memory: 40K
[    0.188369] smpboot: CPU0: Intel(R) Pentium(R) CPU N4200 @ 1.10GHz (family: 0x6, model: 0x5c, stepping: 0x9)
[    0.188874] Performance Events: PEBS fmt3+, Goldmont events, 32-deep LBR, full-width counters, Intel PMU driver.
[    0.188889] ... version:                4
[    0.188891] ... bit width:              48
[    0.188892] ... generic registers:      4
[    0.188894] ... value mask:             0000ffffffffffff
[    0.188896] ... max period:             00007fffffffffff
[    0.188897] ... fixed-purpose events:   3
[    0.188899] ... event mask:             000000070000000f
[    0.189020] rcu: Hierarchical SRCU implementation.
[    0.189050] NMI watchdog: Enabled. Permanently consumes one hw-PMU counter.
[    0.189050] smp: Bringing up secondary CPUs ...
[    0.189050] x86: Booting SMP configuration:
[    0.189050] .... node  #0, CPUs:      #1 #2 #3
[    0.197976] smp: Brought up 1 node, 4 CPUs
[    0.197976] smpboot: Max logical packages: 1
[    0.197976] smpboot: Total of 4 processors activated (8755.20 BogoMIPS)
[    0.197976] devtmpfs: initialized
[    0.197976] x86/mm: Memory block size: 128MB
[    0.201175] PM: Registering ACPI NVS region [mem 0x67b40000-0x67b40fff] (4096 bytes)
[    0.201179] PM: Registering ACPI NVS region [mem 0x67ba7000-0x68ba6fff] (16777216 bytes)
[    0.201832] PM: Registering ACPI NVS region [mem 0x7aebf000-0x7afbefff] (1048576 bytes)
[    0.201997] clocksource: jiffies: mask: 0xffffffff max_cycles: 0xffffffff, max_idle_ns: 7645041785100000 ns
[    0.201997] futex hash table entries: 1024 (order: 4, 65536 bytes, linear)
[    0.201997] pinctrl core: initialized pinctrl subsystem
[    0.201997] PM: RTC time: 06:30:37, date: 2021-04-30
[    0.201997] thermal_sys: Registered thermal governor 'fair_share'
[    0.201997] thermal_sys: Registered thermal governor 'bang_bang'
[    0.201997] thermal_sys: Registered thermal governor 'step_wise'
[    0.201997] thermal_sys: Registered thermal governor 'user_space'
[    0.201997] thermal_sys: Registered thermal governor 'power_allocator'
[    0.201997] NET: Registered protocol family 16
[    0.202334] DMA: preallocated 512 KiB GFP_KERNEL pool for atomic allocations
[    0.202467] DMA: preallocated 512 KiB GFP_KERNEL|GFP_DMA pool for atomic allocations
[    0.202620] DMA: preallocated 512 KiB GFP_KERNEL|GFP_DMA32 pool for atomic allocations
[    0.202668] audit: initializing netlink subsys (disabled)
[    0.202700] audit: type=2000 audit(1619764237.052:1): state=initialized audit_enabled=0 res=1
[    0.202700] EISA bus registered
[    0.205099] cpuidle: using governor ladder
[    0.205099] cpuidle: using governor menu
[    0.205213] ACPI: bus type PCI registered
[    0.205213] acpiphp: ACPI Hot Plug PCI Controller Driver version: 0.5
[    0.205372] PCI: MMCONFIG for domain 0000 [bus 00-3f] at [mem 0xe0000000-0xe3ffffff] (base 0xe0000000)
[    0.205411] PCI: MMCONFIG at [mem 0xe0000000-0xe3ffffff] reserved in E820
[    0.205436] PCI: Using configuration type 1 for base access
[    0.210810] HugeTLB registered 1.00 GiB page size, pre-allocated 0 pages
[    0.210810] HugeTLB registered 2.00 MiB page size, pre-allocated 0 pages
[    0.213326] fbcon: Taking over console
[    0.213382] ACPI: Added _OSI(Module Device)
[    0.213385] ACPI: Added _OSI(Processor Device)
[    0.213387] ACPI: Added _OSI(3.0 _SCP Extensions)
[    0.213389] ACPI: Added _OSI(Processor Aggregator Device)
[    0.213392] ACPI: Added _OSI(Linux-Dell-Video)
[    0.213395] ACPI: Added _OSI(Linux-Lenovo-NV-HDMI-Audio)
[    0.213397] ACPI: Added _OSI(Linux-HPI-Hybrid-Graphics)
[    0.242382] ACPI: 8 ACPI AML tables successfully acquired and loaded
[    0.250192] ACPI: Dynamic OEM Table Load:
[    0.250212] ACPI: SSDT 0xFFFF98033A99A600 000102 (v02 PmRef  Cpu0Cst  00003001 INTL 20121220)
[    0.253400] ACPI: Dynamic OEM Table Load:
[    0.253416] ACPI: SSDT 0xFFFF98033A99B000 00015F (v02 PmRef  ApIst    00003000 INTL 20121220)
[    0.255798] ACPI: Dynamic OEM Table Load:
[    0.255814] ACPI: SSDT 0xFFFF98033A9B0A80 00008D (v02 PmRef  ApCst    00003000 INTL 20121220)
[    0.260836] ACPI: EC: EC started
[    0.260838] ACPI: EC: interrupt blocked
[    0.264222] ACPI: EC: EC_CMD/EC_SC=0x66, EC_DATA=0x62
[    0.264229] ACPI: _SB_.PCI0.LPCB.EC0_: Boot DSDT EC used to handle transactions
[    0.264230] ACPI: Interpreter enabled
[    0.264306] ACPI: (supports S0 S3 S4 S5)
[    0.264310] ACPI: Using IOAPIC for interrupt routing
[    0.264419] PCI: Using host bridge windows from ACPI; if necessary, use "pci=nocrs" and report a bug
[    0.265413] ACPI: Enabled 9 GPEs in block 00 to 7F
[    0.293789] ACPI: PCI Root Bridge [PCI0] (domain 0000 [bus 00-ff])
[    0.293806] acpi PNP0A08:00: _OSC: OS supports [ExtendedConfig ASPM ClockPM Segments MSI HPX-Type3]
[    0.297043] acpi PNP0A08:00: _OSC: OS now controls [PCIeHotplug SHPCHotplug PME AER PCIeCapability LTR]
[    0.297091] acpi PNP0A08:00: [Firmware Info]: MMCONFIG for domain 0000 [bus 00-3f] only partially covers this bridge
[    0.299656] PCI host bridge to bus 0000:00
[    0.299662] pci_bus 0000:00: root bus resource [io  0x0070-0x0077]
[    0.299666] pci_bus 0000:00: root bus resource [io  0x0000-0x006f window]
[    0.299670] pci_bus 0000:00: root bus resource [io  0x0078-0x0cf7 window]
[    0.299673] pci_bus 0000:00: root bus resource [io  0x0d00-0xffff window]
[    0.299677] pci_bus 0000:00: root bus resource [mem 0x000a0000-0x000bffff window]
[    0.299680] pci_bus 0000:00: root bus resource [mem 0x000c0000-0x000dffff window]
[    0.299683] pci_bus 0000:00: root bus resource [mem 0x000e0000-0x000fffff window]
[    0.299687] pci_bus 0000:00: root bus resource [mem 0x7c000001-0x7fffffff window]
[    0.299690] pci_bus 0000:00: root bus resource [mem 0x7b800001-0x7bffffff window]
[    0.299694] pci_bus 0000:00: root bus resource [mem 0x80000000-0xcfffffff window]
[    0.299697] pci_bus 0000:00: root bus resource [mem 0xe0000000-0xefffffff window]
[    0.299701] pci_bus 0000:00: root bus resource [bus 00-ff]
[    0.299730] pci 0000:00:00.0: [8086:5af0] type 00 class 0x060000
[    0.300692] pci 0000:00:02.0: [8086:5a84] type 00 class 0x030000
[    0.300721] pci 0000:00:02.0: reg 0x10: [mem 0x90000000-0x90ffffff 64bit]
[    0.300736] pci 0000:00:02.0: reg 0x18: [mem 0x80000000-0x8fffffff 64bit pref]
[    0.300747] pci 0000:00:02.0: reg 0x20: [io  0x2000-0x203f]
[    0.300800] pci 0000:00:02.0: BAR 2: assigned to efifb
[    0.301788] pci 0000:00:0e.0: [8086:5a98] type 00 class 0x040380
[    0.301834] pci 0000:00:0e.0: reg 0x10: [mem 0x91410000-0x91413fff 64bit]
[    0.301880] pci 0000:00:0e.0: reg 0x20: [mem 0x91100000-0x911fffff 64bit]
[    0.301997] pci 0000:00:0e.0: PME# supported from D0 D3hot D3cold
[    0.302954] pci 0000:00:0f.0: [8086:5a9a] type 00 class 0x078000
[    0.303008] pci 0000:00:0f.0: reg 0x10: [mem 0x91416000-0x91416fff 64bit]
[    0.303169] pci 0000:00:0f.0: PME# supported from D3hot
[    0.303971] pci 0000:00:12.0: [8086:5ae3] type 00 class 0x010601
[    0.304003] pci 0000:00:12.0: reg 0x10: [mem 0x91414000-0x91415fff]
[    0.304016] pci 0000:00:12.0: reg 0x14: [mem 0x9141d000-0x9141d0ff]
[    0.304028] pci 0000:00:12.0: reg 0x18: [io  0x2080-0x2087]
[    0.304041] pci 0000:00:12.0: reg 0x1c: [io  0x2088-0x208b]
[    0.304055] pci 0000:00:12.0: reg 0x20: [io  0x2060-0x207f]
[    0.304067] pci 0000:00:12.0: reg 0x24: [mem 0x9141b000-0x9141b7ff]
[    0.304137] pci 0000:00:12.0: PME# supported from D3hot
[    0.304949] pci 0000:00:13.0: [8086:5ad8] type 01 class 0x060400
[    0.305125] pci 0000:00:13.0: PME# supported from D0 D3hot D3cold
[    0.306029] pci 0000:00:14.0: [8086:5ad6] type 01 class 0x060400
[    0.306160] pci 0000:00:14.0: PME# supported from D0 D3hot D3cold
[    0.307023] pci 0000:00:14.1: [8086:5ad7] type 01 class 0x060400
[    0.307153] pci 0000:00:14.1: PME# supported from D0 D3hot D3cold
[    0.308030] pci 0000:00:15.0: [8086:5aa8] type 00 class 0x0c0330
[    0.308068] pci 0000:00:15.0: reg 0x10: [mem 0x91400000-0x9140ffff 64bit]
[    0.308171] pci 0000:00:15.0: PME# supported from D3hot D3cold
[    0.309018] pci 0000:00:17.0: [8086:5ab4] type 00 class 0x118000
[    0.309062] pci 0000:00:17.0: reg 0x10: [mem 0x91419000-0x91419fff 64bit]
[    0.309085] pci 0000:00:17.0: reg 0x18: [mem 0x9141a000-0x9141afff 64bit]
[    0.310048] pci 0000:00:1f.0: [8086:5ae8] type 00 class 0x060100
[    0.311006] pci 0000:00:1f.1: [8086:5ad4] type 00 class 0x0c0500
[    0.311086] pci 0000:00:1f.1: reg 0x10: [mem 0x9141c000-0x9141c0ff 64bit]
[    0.311167] pci 0000:00:1f.1: reg 0x20: [io  0x2040-0x205f]
[    0.312147] pci 0000:00:13.0: PCI bridge to [bus 01]
[    0.312328] pci 0000:02:00.0: [10ec:8136] type 00 class 0x020000
[    0.312403] pci 0000:02:00.0: reg 0x10: [io  0x1000-0x10ff]
[    0.312455] pci 0000:02:00.0: reg 0x18: [mem 0x91300000-0x91300fff 64bit]
[    0.312501] pci 0000:02:00.0: reg 0x20: [mem 0x91000000-0x91003fff 64bit pref]
[    0.312548] pci 0000:02:00.0: Upstream bridge's Max Payload Size set to 128 (was 256, max 256)
[    0.312561] pci 0000:02:00.0: Max Payload Size set to 128 (was 128, max 128)
[    0.312786] pci 0000:02:00.0: supports D1 D2
[    0.312790] pci 0000:02:00.0: PME# supported from D0 D1 D2 D3hot D3cold
[    0.313185] pci 0000:00:14.0: PCI bridge to [bus 02]
[    0.313193] pci 0000:00:14.0:   bridge window [io  0x1000-0x1fff]
[    0.313199] pci 0000:00:14.0:   bridge window [mem 0x91300000-0x913fffff]
[    0.313207] pci 0000:00:14.0:   bridge window [mem 0x91000000-0x910fffff 64bit pref]
[    0.313587] pci 0000:03:00.0: [8086:3166] type 00 class 0x028000
[    0.313849] pci 0000:03:00.0: reg 0x10: [mem 0x91200000-0x91201fff 64bit]
[    0.314108] pci 0000:03:00.0: Upstream bridge's Max Payload Size set to 128 (was 256, max 256)
[    0.314167] pci 0000:03:00.0: Max Payload Size set to 128 (was 128, max 128)
[    0.314745] pci 0000:03:00.0: PME# supported from D0 D3hot D3cold
[    0.315723] pci 0000:00:14.1: PCI bridge to [bus 03]
[    0.315732] pci 0000:00:14.1:   bridge window [mem 0x91200000-0x912fffff]
[    0.318617] ACPI: PCI Interrupt Link [LNKA] (IRQs 3 4 5 6 10 11 12 14 *15), disabled.
[    0.318892] ACPI: PCI Interrupt Link [LNKB] (IRQs 3 4 5 6 10 11 12 14 *15), disabled.
[    0.319165] ACPI: PCI Interrupt Link [LNKC] (IRQs 3 4 5 6 10 11 12 14 *15), disabled.
[    0.319437] ACPI: PCI Interrupt Link [LNKD] (IRQs 3 4 5 6 10 11 12 14 *15), disabled.
[    0.319708] ACPI: PCI Interrupt Link [LNKE] (IRQs 3 4 5 6 10 11 12 14 *15), disabled.
[    0.319980] ACPI: PCI Interrupt Link [LNKF] (IRQs 3 4 5 6 10 11 12 14 *15), disabled.
[    0.320251] ACPI: PCI Interrupt Link [LNKG] (IRQs 3 4 5 6 10 11 12 14 *15), disabled.
[    0.320520] ACPI: PCI Interrupt Link [LNKH] (IRQs 3 4 5 6 10 11 12 14 *15), disabled.
[    0.322315] ACPI: EC: interrupt unblocked
[    0.322315] ACPI: EC: event unblocked
[    0.322315] ACPI: EC: EC_CMD/EC_SC=0x66, EC_DATA=0x62
[    0.322315] ACPI: EC: GPE=0x2b
[    0.322315] ACPI: _SB_.PCI0.LPCB.EC0_: Boot DSDT EC initialization complete
[    0.322315] ACPI: _SB_.PCI0.LPCB.EC0_: EC: Used to handle transactions and events
[    0.322324] iommu: Default domain type: Translated
[    0.322324] SCSI subsystem initialized
[    0.322324] libata version 3.00 loaded.
[    0.322324] pci 0000:00:02.0: vgaarb: setting as boot VGA device
[    0.322324] pci 0000:00:02.0: vgaarb: VGA device added: decodes=io+mem,owns=io+mem,locks=none
[    0.322324] pci 0000:00:02.0: vgaarb: bridge control possible
[    0.322324] vgaarb: loaded
[    0.322324] ACPI: bus type USB registered
[    0.322324] usbcore: registered new interface driver usbfs
[    0.322324] usbcore: registered new interface driver hub
[    0.322324] usbcore: registered new device driver usb
[    0.322324] pps_core: LinuxPPS API ver. 1 registered
[    0.322324] pps_core: Software ver. 5.3.6 - Copyright 2005-2007 Rodolfo Giometti <giometti@linux.it>
[    0.322324] PTP clock support registered
[    0.322324] EDAC MC: Ver: 3.0.0
[    0.322324] Registered efivars operations
[    0.325063] NetLabel: Initializing
[    0.325063] NetLabel:  domain hash size = 128
[    0.325063] NetLabel:  protocols = UNLABELED CIPSOv4 CALIPSO
[    0.325063] NetLabel:  unlabeled traffic allowed by default
[    0.325084] PCI: Using ACPI for IRQ routing
[    0.330962] PCI: pci_cache_line_size set to 64 bytes
[    0.331169] e820: reserve RAM buffer [mem 0x00058000-0x0005ffff]
[    0.331173] e820: reserve RAM buffer [mem 0x67b40000-0x67ffffff]
[    0.331175] e820: reserve RAM buffer [mem 0x67ba7000-0x67ffffff]
[    0.331177] e820: reserve RAM buffer [mem 0x6b80a018-0x6bffffff]
[    0.331179] e820: reserve RAM buffer [mem 0x6b817018-0x6bffffff]
[    0.331182] e820: reserve RAM buffer [mem 0x76645000-0x77ffffff]
[    0.331184] e820: reserve RAM buffer [mem 0x7822f000-0x7bffffff]
[    0.331186] e820: reserve RAM buffer [mem 0x7b000000-0x7bffffff]
[    0.333761] hpet0: at MMIO 0xfed00000, IRQs 2, 8, 0, 0, 0, 0, 0, 0
[    0.333775] hpet0: 8 comparators, 64-bit 19.200000 MHz counter
[    0.337053] clocksource: Switched to clocksource tsc-early
[    0.384082] VFS: Disk quotas dquot_6.6.0
[    0.384131] VFS: Dquot-cache hash table entries: 512 (order 0, 4096 bytes)
[    0.384453] AppArmor: AppArmor Filesystem Enabled
[    0.384541] pnp: PnP ACPI init
[    0.387492] pnp 00:00: disabling [io  0x164e-0x164f] because it overlaps 0000:00:14.0 BAR 13 [io  0x1000-0x1fff]
[    0.387584] system 00:00: [io  0x0680-0x069f] has been reserved
[    0.387589] system 00:00: [io  0x0400-0x047f] could not be reserved
[    0.387593] system 00:00: [io  0x0500-0x05fe] has been reserved
[    0.387597] system 00:00: [io  0x0600-0x061f] has been reserved
[    0.387615] system 00:00: Plug and Play ACPI device, IDs PNP0c02 (active)
[    0.387736] pnp 00:01: Plug and Play ACPI device, IDs PNP0303 (active)
[    0.388368] system 00:02: [mem 0xe0000000-0xefffffff] could not be reserved
[    0.388373] system 00:02: [mem 0xfea00000-0xfeafffff] has been reserved
[    0.388377] system 00:02: [mem 0xfed01000-0xfed01fff] has been reserved
[    0.388381] system 00:02: [mem 0xfed03000-0xfed03fff] has been reserved
[    0.388385] system 00:02: [mem 0xfed06000-0xfed06fff] has been reserved
[    0.388389] system 00:02: [mem 0xfed08000-0xfed09fff] has been reserved
[    0.388393] system 00:02: [mem 0xfed80000-0xfedbffff] has been reserved
[    0.388397] system 00:02: [mem 0xfed1c000-0xfed1cfff] has been reserved
[    0.388401] system 00:02: [mem 0xfee00000-0xfeefffff] has been reserved
[    0.388414] system 00:02: Plug and Play ACPI device, IDs PNP0c02 (active)
[    0.389337] pnp 00:03: Plug and Play ACPI device, IDs PNP0b00 (active)
[    0.389683] pnp: PnP ACPI: found 4 devices
[    0.399798] clocksource: acpi_pm: mask: 0xffffff max_cycles: 0xffffff, max_idle_ns: 2085701024 ns
[    0.399994] NET: Registered protocol family 2
[    0.400494] tcp_listen_portaddr_hash hash table entries: 2048 (order: 3, 32768 bytes, linear)
[    0.400594] TCP established hash table entries: 32768 (order: 6, 262144 bytes, linear)
[    0.400936] TCP bind hash table entries: 32768 (order: 7, 524288 bytes, linear)
[    0.401316] TCP: Hash tables configured (established 32768 bind 32768)
[    0.401679] UDP hash table entries: 2048 (order: 4, 65536 bytes, linear)
[    0.401766] UDP-Lite hash table entries: 2048 (order: 4, 65536 bytes, linear)
[    0.401953] NET: Registered protocol family 1
[    0.401966] NET: Registered protocol family 44
[    0.401998] pci 0000:00:13.0: PCI bridge to [bus 01]
[    0.402022] pci 0000:00:14.0: PCI bridge to [bus 02]
[    0.402029] pci 0000:00:14.0:   bridge window [io  0x1000-0x1fff]
[    0.402036] pci 0000:00:14.0:   bridge window [mem 0x91300000-0x913fffff]
[    0.402042] pci 0000:00:14.0:   bridge window [mem 0x91000000-0x910fffff 64bit pref]
[    0.402050] pci 0000:00:14.1: PCI bridge to [bus 03]
[    0.402057] pci 0000:00:14.1:   bridge window [mem 0x91200000-0x912fffff]
[    0.402068] pci_bus 0000:00: resource 4 [io  0x0070-0x0077]
[    0.402072] pci_bus 0000:00: resource 5 [io  0x0000-0x006f window]
[    0.402076] pci_bus 0000:00: resource 6 [io  0x0078-0x0cf7 window]
[    0.402079] pci_bus 0000:00: resource 7 [io  0x0d00-0xffff window]
[    0.402084] pci_bus 0000:00: resource 8 [mem 0x000a0000-0x000bffff window]
[    0.402087] pci_bus 0000:00: resource 9 [mem 0x000c0000-0x000dffff window]
[    0.402091] pci_bus 0000:00: resource 10 [mem 0x000e0000-0x000fffff window]
[    0.402094] pci_bus 0000:00: resource 11 [mem 0x7c000001-0x7fffffff window]
[    0.402098] pci_bus 0000:00: resource 12 [mem 0x7b800001-0x7bffffff window]
[    0.402102] pci_bus 0000:00: resource 13 [mem 0x80000000-0xcfffffff window]
[    0.402105] pci_bus 0000:00: resource 14 [mem 0xe0000000-0xefffffff window]
[    0.402110] pci_bus 0000:02: resource 0 [io  0x1000-0x1fff]
[    0.402113] pci_bus 0000:02: resource 1 [mem 0x91300000-0x913fffff]
[    0.402117] pci_bus 0000:02: resource 2 [mem 0x91000000-0x910fffff 64bit pref]
[    0.402121] pci_bus 0000:03: resource 1 [mem 0x91200000-0x912fffff]
[    0.402420] pci 0000:00:02.0: Video device with shadowed ROM at [mem 0x000c0000-0x000dffff]
[    1.565748] pci 0000:00:15.0: xHCI BIOS handoff failed (BIOS bug ?) 00012201
[    1.566115] pci 0000:00:15.0: quirk_usb_early_handoff+0x0/0x662 took 1136365 usecs
[    1.566215] PCI: CLS 64 bytes, default 64
[    1.566345] Trying to unpack rootfs image as initramfs...
[    2.388875] Freeing initrd memory: 92976K
[    2.388882] PCI-DMA: Using software bounce buffering for IO (SWIOTLB)
[    2.388886] software IO TLB: mapped [mem 0x7154d000-0x7554d000] (64MB)
[    2.389117] clocksource: tsc: mask: 0xffffffffffffffff max_cycles: 0xfc66f4fc7c, max_idle_ns: 440795224246 ns
[    2.389154] clocksource: Switched to clocksource tsc
[    2.389409] check: Scanning for low memory corruption every 60 seconds
[    2.390539] Initialise system trusted keyrings
[    2.390570] Key type blacklist registered
[    2.390680] workingset: timestamp_bits=36 max_order=20 bucket_order=0
[    2.394611] zbud: loaded
[    2.395409] squashfs: version 4.0 (2009/01/31) Phillip Lougher
[    2.395953] fuse: init (API version 7.31)
[    2.396331] integrity: Platform Keyring initialized
[    2.417838] Key type asymmetric registered
[    2.417841] Asymmetric key parser 'x509' registered
[    2.417861] Block layer SCSI generic (bsg) driver version 0.4 loaded (major 244)
[    2.417981] io scheduler mq-deadline registered
[    2.418897] pcieport 0000:00:13.0: PME: Signaling with IRQ 120
[    2.419435] pcieport 0000:00:14.0: PME: Signaling with IRQ 121
[    2.419910] pcieport 0000:00:14.1: PME: Signaling with IRQ 122
[    2.420121] shpchp: Standard Hot Plug PCI Controller Driver version: 0.4
[    2.420294] efifb: probing for efifb
[    2.420358] efifb: showing boot graphics
[    2.423340] efifb: framebuffer at 0x80000000, using 4128k, total 4128k
[    2.423344] efifb: mode is 1366x768x32, linelength=5504, pages=1
[    2.423345] efifb: scrolling: redraw
[    2.423349] efifb: Truecolor: size=8:8:8:8, shift=24:16:8:0
[    2.423629] Console: switching to colour frame buffer device 170x48
[    2.431054] fb0: EFI VGA frame buffer device
[    2.431086] intel_idle: MWAIT substates: 0x11242020
[    2.431088] intel_idle: v0.5.1 model 0x5C
[    2.431749] intel_idle: Local APIC timer is reliable in all C-states
[    2.434753] ACPI: AC Adapter [ADP0] (off-line)
[    2.434968] input: Lid Switch as /devices/LNXSYSTM:00/LNXSYBUS:00/PNP0C0D:00/input/input0
[    2.435016] ACPI: Lid Switch [LID0]
[    2.435105] input: Power Button as /devices/LNXSYSTM:00/LNXSYBUS:00/PNP0C0C:00/input/input1
[    2.435160] ACPI: Power Button [PWRB]
[    2.441292] Serial: 8250/16550 driver, 32 ports, IRQ sharing enabled
[    2.448063] Linux agpgart interface v0.103
[    2.470924] loop: module loaded
[    2.471964] libphy: Fixed MDIO Bus: probed
[    2.471967] tun: Universal TUN/TAP device driver, 1.6
[    2.472201] PPP generic driver version 2.4.2
[    2.472480] VFIO - User Level meta-driver version: 0.3
[    2.472773] ehci_hcd: USB 2.0 'Enhanced' Host Controller (EHCI) Driver
[    2.472784] ehci-pci: EHCI PCI platform driver
[    2.472817] ehci-platform: EHCI generic platform driver
[    2.472849] ohci_hcd: USB 1.1 'Open' Host Controller (OHCI) Driver
[    2.472854] ohci-pci: OHCI PCI platform driver
[    2.472878] ohci-platform: OHCI generic platform driver
[    2.472896] uhci_hcd: USB Universal Host Controller Interface driver
[    2.473009] i8042: PNP: PS/2 Controller [PNP0303:PS2K] at 0x60,0x64 irq 1
[    2.473012] i8042: PNP: PS/2 appears to have AUX port disabled, if this is incorrect please boot with i8042.nopnp
[    2.480578] serio: i8042 KBD port at 0x60,0x64 irq 1
[    2.480907] mousedev: PS/2 mouse device common for all mice
[    2.481529] rtc_cmos 00:03: RTC can wake from S4
[    2.482371] rtc_cmos 00:03: registered as rtc0
[    2.482693] rtc_cmos 00:03: setting system clock to 2021-04-30T06:30:39 UTC (1619764239)
[    2.482738] rtc_cmos 00:03: alarms up to one month, y3k, 242 bytes nvram, hpet irqs
[    2.482759] i2c /dev entries driver
[    2.482887] device-mapper: uevent: version 1.0.3
[    2.483147] device-mapper: ioctl: 4.42.0-ioctl (2020-02-27) initialised: dm-devel@redhat.com
[    2.483213] platform eisa.0: Probing EISA bus 0
[    2.483218] platform eisa.0: EISA: Cannot allocate resource for mainboard
[    2.483222] platform eisa.0: Cannot allocate resource for EISA slot 1
[    2.483225] platform eisa.0: Cannot allocate resource for EISA slot 2
[    2.483228] platform eisa.0: Cannot allocate resource for EISA slot 3
[    2.483231] platform eisa.0: Cannot allocate resource for EISA slot 4
[    2.483234] platform eisa.0: Cannot allocate resource for EISA slot 5
[    2.483237] platform eisa.0: Cannot allocate resource for EISA slot 6
[    2.483240] platform eisa.0: Cannot allocate resource for EISA slot 7
[    2.483243] platform eisa.0: Cannot allocate resource for EISA slot 8
[    2.483247] platform eisa.0: EISA: Detected 0 cards
[    2.483261] intel_pstate: Intel P-state driver initializing
[    2.483859] ledtrig-cpu: registered to indicate activity on CPUs
[    2.483865] EFI Variables Facility v0.08 2004-May-17
[    2.537249] drop_monitor: Initializing network drop monitor service
[    2.537575] NET: Registered protocol family 10
[    2.539552] input: AT Translated Set 2 keyboard as /devices/platform/i8042/serio0/input/input2
[    2.555412] Segment Routing with IPv6
[    2.555452] NET: Registered protocol family 17
[    2.555758] Key type dns_resolver registered
[    2.556893] microcode: sig=0x506c9, pf=0x1, revision=0x40
[    2.557000] microcode: Microcode Update Driver: v2.2.
[    2.557354] resctrl: L2 allocation detected
[    2.557362] IPI shorthand broadcast: enabled
[    2.557377] sched_clock: Marking stable (2556397309, 899183)->(2562426982, -5130490)
[    2.557794] registered taskstats version 1
[    2.557812] Loading compiled-in X.509 certificates
[    2.559389] Loaded X.509 cert 'Build time autogenerated kernel key: a4bf29c873175f8a852fbcf55017dd6a88fb8d5b'
[    2.559438] zswap: loaded using pool lzo/zbud
[    2.559932] Key type ._fscrypt registered
[    2.559935] Key type .fscrypt registered
[    2.559936] Key type fscrypt-provisioning registered
[    2.560077] Key type trusted registered
[    2.566655] Key type encrypted registered
[    2.566662] AppArmor: AppArmor sha1 policy hashing enabled
[    2.568981] integrity: Loading X.509 certificate: UEFI:db
[    2.569101] integrity: Loaded X.509 cert 'Microsoft Windows Production PCA 2011: a92902398e16c49778cd90f99e4f9ae17c55af53'
[    2.569103] integrity: Loading X.509 certificate: UEFI:db
[    2.569170] integrity: Loaded X.509 cert 'Microsoft Corporation UEFI CA 2011: 13adbf4309bd82709c8cd54f316ed522988a1bd4'
[    2.569171] integrity: Loading X.509 certificate: UEFI:db
[    2.569207] integrity: Loaded X.509 cert 'Mocca: eee4ae78c24bf4a5488b6b77c611edde'
[    2.569208] integrity: Loading X.509 certificate: UEFI:db
[    2.569213] integrity: Problem loading X.509 certificate -65
[    2.569301] integrity: Error adding keys to platform keyring UEFI:db
[    2.569302] integrity: Loading X.509 certificate: UEFI:db
[    2.569340] integrity: Loaded X.509 cert '5R320-1415IAP: cadd6b31a3a7619a44aecf2bec8770fa'
[    2.573775] ima: Allocated hash algorithm: sha1
[    2.604760] ima: No architecture policies found
[    2.604798] evm: Initialising EVM extended attributes:
[    2.604801] evm: security.selinux
[    2.604802] evm: security.SMACK64
[    2.604803] evm: security.SMACK64EXEC
[    2.604804] evm: security.SMACK64TRANSMUTE
[    2.604805] evm: security.SMACK64MMAP
[    2.604807] evm: security.apparmor
[    2.604808] evm: security.ima
[    2.604809] evm: security.capability
[    2.604811] evm: HMAC attrs: 0x1
[    2.605980] PM:   Magic number: 1:355:520
[    2.606537] RAS: Correctable Errors collector initialized.
[    2.644279] battery: ACPI: Battery Slot [BAT0] (battery present)
[    2.648916] Freeing unused decrypted memory: 2040K
[    2.650378] Freeing unused kernel image (initmem) memory: 2636K
[    2.650385] Write protecting the kernel read-only data: 22528k
[    2.652083] Freeing unused kernel image (text/rodata gap) memory: 2044K
[    2.652682] Freeing unused kernel image (rodata/data gap) memory: 788K
[    2.779732] x86/mm: Checked W+X mappings: passed, no W+X pages found.
[    2.779856] Run /init as init process
[    2.779862]   with arguments:
[    2.779864]     /init
[    2.779866]     maybe-ubiquity
[    2.779867]     splash
[    2.779869]     ---
[    2.779870]   with environment:
[    2.779872]     HOME=/
[    2.779874]     TERM=linux
[    2.779875]     BOOT_IMAGE=/casper/vmlinuz
[    2.779877]     file=/cdrom/preseed/ubuntu.seed
[    2.930871] hid: raw HID events driver (C) Jiri Kosina
[    2.960817] xhci_hcd 0000:00:15.0: xHCI Host Controller
[    2.960828] xhci_hcd 0000:00:15.0: new USB bus registered, assigned bus number 1
[    2.961211] ahci 0000:00:12.0: version 3.0
[    2.961933] xhci_hcd 0000:00:15.0: hcc params 0x200077c1 hci version 0x100 quirks 0x0000000081109810
[    2.962204] xhci_hcd 0000:00:15.0: cache line size of 64 is not supported
[    2.965144] cryptd: max_cpu_qlen set to 1000
[    2.967097] usb usb1: New USB device found, idVendor=1d6b, idProduct=0002, bcdDevice= 5.08
[    2.967101] usb usb1: New USB device strings: Mfr=3, Product=2, SerialNumber=1
[    2.967103] usb usb1: Product: xHCI Host Controller
[    2.967105] usb usb1: Manufacturer: Linux 5.8.0-43-generic xhci-hcd
[    2.967107] usb usb1: SerialNumber: 0000:00:15.0
[    2.967528] hub 1-0:1.0: USB hub found
[    2.967686] hub 1-0:1.0: 8 ports detected
[    2.968656] libphy: r8169: probed
[    2.969356] r8169 0000:02:00.0 eth0: RTL8106e, 54:e1:ad:5d:47:b4, XID 449, IRQ 125
[    2.969421] xhci_hcd 0000:00:15.0: xHCI Host Controller
[    2.969428] xhci_hcd 0000:00:15.0: new USB bus registered, assigned bus number 2
[    2.969435] xhci_hcd 0000:00:15.0: Host supports USB 3.0 SuperSpeed
[    2.969698] usb usb2: New USB device found, idVendor=1d6b, idProduct=0003, bcdDevice= 5.08
[    2.969701] usb usb2: New USB device strings: Mfr=3, Product=2, SerialNumber=1
[    2.969703] usb usb2: Product: xHCI Host Controller
[    2.969705] usb usb2: Manufacturer: Linux 5.8.0-43-generic xhci-hcd
[    2.969707] usb usb2: SerialNumber: 0000:00:15.0
[    2.970300] hub 2-0:1.0: USB hub found
[    2.970322] hub 2-0:1.0: 7 ports detected
[    2.974610] ahci 0000:00:12.0: AHCI 0001.0301 32 slots 2 ports 6 Gbps 0x3 impl SATA mode
[    2.974616] ahci 0000:00:12.0: flags: 64bit ncq sntf clo only pmp pio slum part deso sadm sds apst
[    2.981287] scsi host0: ahci
[    2.984173] scsi host1: ahci
[    2.984364] ata1: SATA max UDMA/133 abar m2048@0x9141b000 port 0x9141b100 irq 123
[    2.984368] ata2: SATA max UDMA/133 abar m2048@0x9141b000 port 0x9141b180 irq 123
[    2.985498] i801_smbus 0000:00:1f.1: SPD Write Disable is set
[    2.985553] i801_smbus 0000:00:1f.1: SMBus using PCI interrupt
[    2.986774] idma64 idma64.0: Found Intel integrated DMA 64-bit
[    2.991642] i2c i2c-0: 1/1 memory slots populated (from DMI)
[    2.992057] i2c i2c-0: Successfully instantiated SPD at 0x50
[    2.992847] SSE version of gcm_enc/dec engaged.
[    2.998344] i2c_hid i2c-SYNA2B37:00: supply vdd not found, using dummy regulator
[    2.998381] i2c_hid i2c-SYNA2B37:00: supply vddl not found, using dummy regulator
[    3.036728] r8169 0000:02:00.0 enp2s0: renamed from eth0
[    3.106877] checking generic (80000000 408000) vs hw (90000000 1000000)
[    3.106879] checking generic (80000000 408000) vs hw (80000000 10000000)
[    3.106880] fb0: switching to inteldrmfb from EFI VGA
[    3.107048] Console: switching to colour dummy device 80x25
[    3.107094] i915 0000:00:02.0: vgaarb: deactivate vga console
[    3.107250] [drm] Supports vblank timestamp caching Rev 2 (21.10.2013).
[    3.107300] i915 0000:00:02.0: vgaarb: changed VGA decodes: olddecodes=io+mem,decodes=io+mem:owns=io+mem
[    3.107756] i915 0000:00:02.0: [drm] Finished loading DMC firmware i915/bxt_dmc_ver1_07.bin (v1.7)
[    3.305286] usb 1-4: new high-speed USB device number 2 using xhci_hcd
[    3.455046] usb 1-4: New USB device found, idVendor=0781, idProduct=558a, bcdDevice= 1.00
[    3.455054] usb 1-4: New USB device strings: Mfr=1, Product=2, SerialNumber=3
[    3.455058] usb 1-4: Product: Ultra
[    3.455062] usb 1-4: Manufacturer: SanDisk
[    3.455066] usb 1-4: SerialNumber: 4C530001100414111014
[    3.465191] ata1: SATA link up 6.0 Gbps (SStatus 133 SControl 300)
[    3.465240] ata2: SATA link up 1.5 Gbps (SStatus 113 SControl 300)
[    3.466880] usb-storage 1-4:1.0: USB Mass Storage device detected
[    3.467799] scsi host2: usb-storage 1-4:1.0
[    3.467986] usbcore: registered new interface driver usb-storage
[    3.468009] ata2.00: ATAPI: HL-DT-ST DVDRAM GUE0N, T.02, max UDMA/33
[    3.470564] usbcore: registered new interface driver uas
[    3.472919] ata2.00: configured for UDMA/33
[    3.585380] usb 1-7: new high-speed USB device number 3 using xhci_hcd
[    3.776894] usb 1-7: New USB device found, idVendor=0bda, idProduct=58ea, bcdDevice= 0.08
[    3.776902] usb 1-7: New USB device strings: Mfr=3, Product=1, SerialNumber=2
[    3.776907] usb 1-7: Product: EasyCamera
[    3.776912] usb 1-7: Manufacturer: K6HH5Q7JA
[    3.776916] usb 1-7: SerialNumber: 200901010001
[    3.835061] ata1.00: ATA-10: ST1000LM035-1RK172, LVM2, max UDMA/133
[    3.835067] ata1.00: 1953525168 sectors, multi 16: LBA48 NCQ (depth 32), AA
[    3.885586] ata1.00: configured for UDMA/133
[    3.895367] scsi 0:0:0:0: Direct-Access     ATA      ST1000LM035-1RK1 LVM2 PQ: 0 ANSI: 5
[    3.896020] sd 0:0:0:0: [sda] 1953525168 512-byte logical blocks: (1.00 TB/932 GiB)
[    3.896024] sd 0:0:0:0: [sda] 4096-byte physical blocks
[    3.896055] sd 0:0:0:0: [sda] Write Protect is off
[    3.896059] sd 0:0:0:0: [sda] Mode Sense: 00 3a 00 00
[    3.896161] sd 0:0:0:0: [sda] Write cache: enabled, read cache: enabled, doesn't support DPO or FUA
[    3.896169] sd 0:0:0:0: Attached scsi generic sg0 type 0
[    3.897856] scsi 1:0:0:0: CD-ROM            HL-DT-ST DVDRAM GUE0N     T.02 PQ: 0 ANSI: 5
[    3.909269] usb 1-8: new full-speed USB device number 4 using xhci_hcd
[    3.959589] sr 1:0:0:0: [sr0] scsi3-mmc drive: 24x/24x writer dvd-ram cd/rw xa/form2 cdda tray
[    3.959595] cdrom: Uniform CD-ROM driver Revision: 3.20
[    3.967803]  sda: sda1 sda2
[    3.968654] sd 0:0:0:0: [sda] Attached SCSI disk
[    3.977782] sr 1:0:0:0: Attached scsi CD-ROM sr0
[    3.978303] sr 1:0:0:0: Attached scsi generic sg1 type 5
[    3.987967] input: SYNA2B37:00 06CB:8251 Mouse as /devices/pci0000:00/0000:00:17.0/i2c_designware.0/i2c-1/i2c-SYNA2B37:00/0018:06CB:8251.0001/input/input3
[    3.988148] hid-generic 0018:06CB:8251.0001: input,hidraw0: I2C HID v1.00 Mouse [SYNA2B37:00 06CB:8251] on i2c-SYNA2B37:00
[    3.991239] mc: Linux media interface: v0.10
[    3.999653] videodev: Linux video capture interface: v2.00
[    4.058829] usb 1-8: New USB device found, idVendor=8087, idProduct=0a2a, bcdDevice= 0.01
[    4.058832] usb 1-8: New USB device strings: Mfr=0, Product=0, SerialNumber=0
[    4.125201] rmi4_f01 rmi4-00.fn01: found RMI device, manufacturer: Synaptics, product: TM3336-001, fw id: 2529025
[    4.215293] input: Synaptics TM3336-001 as /devices/pci0000:00/0000:00:17.0/i2c_designware.0/i2c-1/i2c-SYNA2B37:00/0018:06CB:8251.0001/input/input5
[    4.215454] hid-rmi 0018:06CB:8251.0001: input,hidraw0: I2C HID v1.00 Mouse [SYNA2B37:00 06CB:8251] on i2c-SYNA2B37:00
[    4.261874] [drm] Initialized i915 1.6.0 20200515 for 0000:00:02.0 on minor 0
[    4.263883] ACPI: Video Device [GFX0] (multi-head: yes  rom: no  post: no)
[    4.263913] ACPI: [Firmware Bug]: BIOS _OSI(Linux) query ignored
[    4.264393] input: Video Bus as /devices/LNXSYSTM:00/LNXSYBUS:00/PNP0A08:00/LNXVIDEO:00/input/input6
[    4.266802] fbcon: i915drmfb (fb0) is primary device
[    4.275876] Console: switching to colour frame buffer device 170x48
[    4.296004] i915 0000:00:02.0: fb0: i915drmfb frame buffer device
[    4.498973] scsi 2:0:0:0: Direct-Access     SanDisk  Ultra            1.00 PQ: 0 ANSI: 6
[    4.499669] sd 2:0:0:0: Attached scsi generic sg2 type 0
[    4.500165] sd 2:0:0:0: [sdb] 60062500 512-byte logical blocks: (30.8 GB/28.6 GiB)
[    4.501487] sd 2:0:0:0: [sdb] Write Protect is off
[    4.501491] sd 2:0:0:0: [sdb] Mode Sense: 43 00 00 00
[    4.501930] sd 2:0:0:0: [sdb] Write cache: disabled, read cache: enabled, doesn't support DPO or FUA
[    4.533410]  sdb: sdb1
[    4.535122] sd 2:0:0:0: [sdb] Attached SCSI removable disk
[    4.796551] process '/usr/bin/fstype' started with executable stack
[    5.083389] EXT4-fs (sda2): mounted filesystem with ordered data mode. Opts: (null)
[    6.300583] overlayfs: "xino" feature enabled using 2 upper inode bits.
[   17.426674] systemd[1]: Inserted module 'autofs4'
[   17.609618] systemd[1]: systemd 245.4-4ubuntu3.4 running in system mode. (+PAM +AUDIT +SELINUX +IMA +APPARMOR +SMACK +SYSVINIT +UTMP +LIBCRYPTSETUP +GCRYPT +GNUTLS +ACL +XZ +LZ4 +SECCOMP +BLKID +ELFUTILS +KMOD +IDN2 -IDN +PCRE2 default-hierarchy=hybrid)
[   17.629451] systemd[1]: Detected architecture x86-64.
[   17.645757] systemd[1]: Set hostname to <ubuntu>.
[   17.646525] systemd[1]: Initializing machine ID from random generator.
[   17.935359] systemd[1]: /lib/systemd/system/dbus.socket:5: ListenStream= references a path below legacy directory /var/run/, updating /var/run/dbus/system_bus_socket  /run/dbus/system_bus_socket; please update the unit file accordingly.
[   18.010717] systemd[1]: cdrom.mount: Unit is bound to inactive unit dev-sdb1.device. Stopping, too.
[   18.014128] systemd[1]: Created slice system-modprobe.slice.
[   18.014580] systemd[1]: Created slice User and Session Slice.
[   18.014701] systemd[1]: Started Forward Password Requests to Wall Directory Watch.
[   18.015026] systemd[1]: Set up automount Arbitrary Executable File Formats File System Automount Point.
[   18.015103] systemd[1]: Reached target User and Group Name Lookups.
[   18.015130] systemd[1]: Reached target Remote File Systems.
[   18.015157] systemd[1]: Reached target Slices.
[   18.015187] systemd[1]: Reached target Swap.
[   18.015351] systemd[1]: Listening on Device-mapper event daemon FIFOs.
[   18.016799] systemd[1]: Listening on LVM2 poll daemon socket.
[   18.017038] systemd[1]: Listening on Syslog Socket.
[   18.017218] systemd[1]: Listening on initctl Compatibility Named Pipe.
[   18.018099] systemd[1]: Listening on Journal Audit Socket.
[   18.018290] systemd[1]: Listening on Journal Socket (/dev/log).
[   18.018779] systemd[1]: Listening on udev Control Socket.
[   18.018936] systemd[1]: Listening on udev Kernel Socket.
[   18.020344] systemd[1]: Unmounting /cdrom...
[   18.021444] systemd[1029]: cdrom.mount: Failed to connect stdout to the journal socket, ignoring: No such file or directory
[   18.032921] systemd[1]: cdrom.mount: Mount process exited, code=exited, status=32/n/a
[   18.032940] systemd[1]: Failed unmounting /cdrom.
[   18.033672] systemd[1]: Listening on Journal Socket.
[   18.035503] systemd[1]: Mounting Huge Pages File System...
[   18.037494] systemd[1]: Mounting POSIX Message Queue File System...
[   18.039741] systemd[1]: Mounting Kernel Debug File System...
[   18.042022] systemd[1]: Mounting Kernel Trace File System...
[   18.045242] systemd[1]: Starting Journal Service...
[   18.047113] systemd[1]: Starting Availability of block devices...
[   18.049468] systemd[1]: Starting Set the console keyboard layout...
[   18.056874] systemd[1]: Starting Create list of static device nodes for the current kernel...
[   18.062658] systemd[1]: Starting Monitoring of LVM2 mirrors, snapshots etc. using dmeventd or progress polling...
[   18.062725] systemd[1]: Condition check resulted in Load Kernel Module drm being skipped.
[   18.076834] systemd[1]: Condition check resulted in Set Up Additional Binary Formats being skipped.
[   18.081259] systemd[1]: Starting Load Kernel Modules...
[   18.083718] systemd[1]: Starting Remount Root and Kernel File Systems...
[   18.085901] systemd[1]: Starting udev Coldplug all Devices...
[   18.088509] systemd[1]: Starting Uncomplicated firewall...
[   18.092149] systemd[1]: Mounted Huge Pages File System.
[   18.092581] systemd[1]: Mounted POSIX Message Queue File System.
[   18.092909] systemd[1]: Mounted Kernel Debug File System.
[   18.093535] systemd[1]: Mounted Kernel Trace File System.
[   18.094806] systemd[1]: Finished Availability of block devices.
[   18.096263] systemd[1]: Finished Create list of static device nodes for the current kernel.
[   18.141567] systemd[1]: Finished Uncomplicated firewall.
[   18.143954] systemd[1]: Finished Remount Root and Kernel File Systems.
[   18.155862] systemd[1]: Condition check resulted in Rebuild Hardware Database being skipped.
[   18.155978] systemd[1]: Condition check resulted in Platform Persistent Storage Archival being skipped.
[   18.157771] systemd[1]: Starting Create System Users...
[   18.176834] systemd[1]: Finished Monitoring of LVM2 mirrors, snapshots etc. using dmeventd or progress polling.
[   18.224696] systemd[1]: Finished Create System Users.
[   18.227051] systemd[1]: Starting Create Static Device Nodes in /dev...
[   18.249666] lp: driver loaded but no devices found
[   18.273804] systemd[1]: Finished Create Static Device Nodes in /dev.
[   18.276107] systemd[1]: Starting udev Kernel Device Manager...
[   18.297563] ppdev: user-space parallel port driver
[   18.298566] systemd[1]: Finished Set the console keyboard layout.
[   18.298927] systemd[1]: Reached target Local File Systems (Pre).
[   18.306753] systemd[1]: Mounting Mount unit for core18, revision 1988...
[   18.314338] systemd[1]: Mounting Mount unit for gnome-3-34-1804, revision 66...
[   18.327832] systemd[1]: Mounting Mount unit for gtk-common-themes, revision 1514...
[   18.330076] systemd[1]: Mounting Mount unit for snap-store, revision 518...
[   18.336275] systemd[1]: Mounting Mount unit for snapd, revision 11036...
[   18.336455] systemd[1]: tmp.mount: Directory /tmp to mount over is not empty, mounting anyway.
[   18.341177] systemd[1]: Mounting /tmp...
[   18.341806] systemd[1]: Started Journal Service.
[   18.372097] systemd-journald[1034]: Received client request to flush runtime journal.
[   18.937759] pstore: Using crash dump compression: deflate
[   18.937781] pstore: Registered efi as persistent store backend
[   19.017025] input: Ideapad extra buttons as /devices/pci0000:00/0000:00:1f.0/PNP0C09:00/VPC2004:00/input/input7
[   19.128443] at24 0-0050: supply vcc not found, using dummy regulator
[   19.129261] at24 0-0050: 256 byte spd EEPROM, read-only
[   19.352542] cfg80211: Loading compiled-in X.509 certificates for regulatory database
[   19.353244] cfg80211: Loaded X.509 cert 'sforshee: 00b28ddf47aef9cea7'
[   19.362635] RAPL PMU: API unit is 2^-32 Joules, 4 fixed counters, 655360 ms ovfl timer
[   19.362638] RAPL PMU: hw unit of domain pp0-core 2^-14 Joules
[   19.362639] RAPL PMU: hw unit of domain package 2^-14 Joules
[   19.362640] RAPL PMU: hw unit of domain dram 2^-14 Joules
[   19.362641] RAPL PMU: hw unit of domain pp1-gpu 2^-14 Joules
[   19.727232] EDAC pnd2: b_cr_tolud_pci=080000001 ret=0
[   19.727277] EDAC pnd2: b_cr_touud_lo_pci=080000000 ret=0
[   19.727319] EDAC pnd2: b_cr_touud_hi_pci=000000001 ret=0
[   19.727360] EDAC pnd2: b_cr_asym_mem_region0_mchbar=000000000 ret=0
[   19.727401] EDAC pnd2: b_cr_asym_mem_region1_mchbar=000000000 ret=0
[   19.727442] EDAC pnd2: b_cr_mot_out_base_mchbar=000000000 ret=0
[   19.727482] EDAC pnd2: b_cr_mot_out_mask_mchbar=000000000 ret=0
[   19.727563] EDAC pnd2: b_cr_slice_channel_hash=8000000480000001 ret=0
[   19.727605] EDAC pnd2: b_cr_asym_2way_mem_region_mchbar=000000000 ret=0
[   19.727645] EDAC pnd2: d_cr_drp0=0c000c005 ret=0
[   19.727685] EDAC pnd2: d_cr_drp0=000000000 ret=2
[   19.727726] EDAC pnd2: d_cr_drp0=000000000 ret=2
[   19.727767] EDAC pnd2: d_cr_drp0=000000000 ret=2
[   19.727768] EDAC pnd2: ECC disabled on channel 0
[   19.727769] EDAC pnd2: Failed to register device with error -22.
[   19.769496] EDAC pnd2: b_cr_tolud_pci=080000001 ret=0
[   19.769538] EDAC pnd2: b_cr_touud_lo_pci=080000000 ret=0
[   19.769580] EDAC pnd2: b_cr_touud_hi_pci=000000001 ret=0
[   19.769621] EDAC pnd2: b_cr_asym_mem_region0_mchbar=000000000 ret=0
[   19.769661] EDAC pnd2: b_cr_asym_mem_region1_mchbar=000000000 ret=0
[   19.769702] EDAC pnd2: b_cr_mot_out_base_mchbar=000000000 ret=0
[   19.769743] EDAC pnd2: b_cr_mot_out_mask_mchbar=000000000 ret=0
[   19.769824] EDAC pnd2: b_cr_slice_channel_hash=8000000480000001 ret=0
[   19.769865] EDAC pnd2: b_cr_asym_2way_mem_region_mchbar=000000000 ret=0
[   19.769909] EDAC pnd2: d_cr_drp0=0c000c005 ret=0
[   19.769949] EDAC pnd2: d_cr_drp0=000000000 ret=2
[   19.769990] EDAC pnd2: d_cr_drp0=000000000 ret=2
[   19.770030] EDAC pnd2: d_cr_drp0=000000000 ret=2
[   19.770031] EDAC pnd2: ECC disabled on channel 0
[   19.770032] EDAC pnd2: Failed to register device with error -22.
[   19.778135] intel_telemetry_core Init
[   19.830741] EDAC pnd2: b_cr_tolud_pci=080000001 ret=0
[   19.830784] EDAC pnd2: b_cr_touud_lo_pci=080000000 ret=0
[   19.830825] EDAC pnd2: b_cr_touud_hi_pci=000000001 ret=0
[   19.830865] EDAC pnd2: b_cr_asym_mem_region0_mchbar=000000000 ret=0
[   19.830906] EDAC pnd2: b_cr_asym_mem_region1_mchbar=000000000 ret=0
[   19.830948] EDAC pnd2: b_cr_mot_out_base_mchbar=000000000 ret=0
[   19.830988] EDAC pnd2: b_cr_mot_out_mask_mchbar=000000000 ret=0
[   19.831069] EDAC pnd2: b_cr_slice_channel_hash=8000000480000001 ret=0
[   19.831110] EDAC pnd2: b_cr_asym_2way_mem_region_mchbar=000000000 ret=0
[   19.831150] EDAC pnd2: d_cr_drp0=0c000c005 ret=0
[   19.831190] EDAC pnd2: d_cr_drp0=000000000 ret=2
[   19.831231] EDAC pnd2: d_cr_drp0=000000000 ret=2
[   19.831272] EDAC pnd2: d_cr_drp0=000000000 ret=2
[   19.831273] EDAC pnd2: ECC disabled on channel 0
[   19.831274] EDAC pnd2: Failed to register device with error -22.
[   19.840560] Invalid pltconfig, ensure IPC1 device is enabled in BIOS
[   19.913777] EDAC pnd2: b_cr_tolud_pci=080000001 ret=0
[   19.913820] EDAC pnd2: b_cr_touud_lo_pci=080000000 ret=0
[   19.913861] EDAC pnd2: b_cr_touud_hi_pci=000000001 ret=0
[   19.913903] EDAC pnd2: b_cr_asym_mem_region0_mchbar=000000000 ret=0
[   19.913945] EDAC pnd2: b_cr_asym_mem_region1_mchbar=000000000 ret=0
[   19.913986] EDAC pnd2: b_cr_mot_out_base_mchbar=000000000 ret=0
[   19.914028] EDAC pnd2: b_cr_mot_out_mask_mchbar=000000000 ret=0
[   19.914110] EDAC pnd2: b_cr_slice_channel_hash=8000000480000001 ret=0
[   19.914151] EDAC pnd2: b_cr_asym_2way_mem_region_mchbar=000000000 ret=0
[   19.914193] EDAC pnd2: d_cr_drp0=0c000c005 ret=0
[   19.914244] EDAC pnd2: d_cr_drp0=000000000 ret=2
[   19.914285] EDAC pnd2: d_cr_drp0=000000000 ret=2
[   19.914325] EDAC pnd2: d_cr_drp0=000000000 ret=2
[   19.914326] EDAC pnd2: ECC disabled on channel 0
[   19.914327] EDAC pnd2: Failed to register device with error -22.
[   19.914494] Invalid pltconfig, ensure IPC1 device is enabled in BIOS
[   19.969672] Invalid pltconfig, ensure IPC1 device is enabled in BIOS
[   20.013815] Invalid pltconfig, ensure IPC1 device is enabled in BIOS
[   20.020769] intel_rapl_common: Found RAPL domain package
[   20.020774] intel_rapl_common: Found RAPL domain core
[   20.020776] intel_rapl_common: Found RAPL domain uncore
[   20.020778] intel_rapl_common: Found RAPL domain dram
[   20.146987] Intel(R) Wireless WiFi driver for Linux
[   20.155755] snd_hda_intel 0000:00:0e.0: DSP detected with PCI class/subclass/prog-if info 0x040380
[   20.156170] snd_hda_intel 0000:00:0e.0: bound 0000:00:02.0 (ops i915_audio_component_bind_ops [i915])
[   20.207095] snd_hda_codec_generic hdaudioC0D0: autoconfig for Generic: line_outs=1 (0x14/0x0/0x0/0x0/0x0) type:speaker
[   20.207099] snd_hda_codec_generic hdaudioC0D0:    speaker_outs=0 (0x0/0x0/0x0/0x0/0x0)
[   20.207101] snd_hda_codec_generic hdaudioC0D0:    hp_outs=1 (0x21/0x0/0x0/0x0/0x0)
[   20.207102] snd_hda_codec_generic hdaudioC0D0:    mono: mono_out=0x0
[   20.207103] snd_hda_codec_generic hdaudioC0D0:    inputs:
[   20.207106] snd_hda_codec_generic hdaudioC0D0:      Mic=0x19
[   20.207107] snd_hda_codec_generic hdaudioC0D0:      Internal Mic=0x12
[   20.247313] input: HDA Intel PCH Mic as /devices/pci0000:00/0000:00:0e.0/sound/card0/input8
[   20.247568] input: HDA Intel PCH Headphone as /devices/pci0000:00/0000:00:0e.0/sound/card0/input9
[   20.247650] input: HDA Intel PCH HDMI/DP,pcm=3 as /devices/pci0000:00/0000:00:0e.0/sound/card0/input10
[   20.247724] input: HDA Intel PCH HDMI/DP,pcm=7 as /devices/pci0000:00/0000:00:0e.0/sound/card0/input11
[   20.247796] input: HDA Intel PCH HDMI/DP,pcm=8 as /devices/pci0000:00/0000:00:0e.0/sound/card0/input12
[   20.247870] input: HDA Intel PCH HDMI/DP,pcm=9 as /devices/pci0000:00/0000:00:0e.0/sound/card0/input13
[   20.247946] input: HDA Intel PCH HDMI/DP,pcm=10 as /devices/pci0000:00/0000:00:0e.0/sound/card0/input14
[   20.296383] Bluetooth: Core ver 2.22
[   20.296414] NET: Registered protocol family 31
[   20.296415] Bluetooth: HCI device and connection manager initialized
[   20.296423] Bluetooth: HCI socket layer initialized
[   20.296426] Bluetooth: L2CAP socket layer initialized
[   20.296431] Bluetooth: SCO socket layer initialized
[   20.306144] iwlwifi 0000:03:00.0: Found debug destination: EXTERNAL_DRAM
[   20.306149] iwlwifi 0000:03:00.0: Found debug configuration: 0
[   20.306965] iwlwifi 0000:03:00.0: loaded firmware version 29.1654887522.0 7265D-29.ucode op_mode iwlmvm
[   20.307708] iwlwifi 0000:03:00.0: Direct firmware load for iwl-debug-yoyo.bin failed with error -2
[   20.311034] uvcvideo: Found UVC 1.00 device EasyCamera (0bda:58ea)
[   20.323075] input: EasyCamera: EasyCamera as /devices/pci0000:00/0000:00:15.0/usb1/1-7/1-7:1.0/input/input15
[   20.323810] usbcore: registered new interface driver uvcvideo
[   20.323813] USB Video Class driver (1.1.1)
[   20.433871] usbcore: registered new interface driver btusb
[   20.460737] Bluetooth: hci0: read Intel version: 370810011003110e00
[   20.468555] Bluetooth: hci0: Intel Bluetooth firmware file: intel/ibt-hw-37.8.10-fw-1.10.3.11.e.bseq
[   20.502020] iwlwifi 0000:03:00.0: Detected Intel(R) Dual Band Wireless AC 3165, REV=0x210
[   20.522345] iwlwifi 0000:03:00.0: Applying debug destination EXTERNAL_DRAM
[   20.525282] iwlwifi 0000:03:00.0: Allocated 0x00400000 bytes for firmware monitor.
[   20.532097] iwlwifi 0000:03:00.0: base HW address: 88:b1:11:e3:f8:05
[   20.592985] ieee80211 phy0: Selected rate control algorithm 'iwl-mvm-rs'
[   20.594395] thermal thermal_zone1: failed to read out thermal zone (-61)
[   20.620321] iwlwifi 0000:03:00.0 wlp3s0: renamed from wlan0
[   20.777507] Bluetooth: hci0: unexpected event for opcode 0xfc2f
[   20.795589] Bluetooth: hci0: Intel BT fw patch 0x32 completed & activated
[   23.666834] zlua: loading out-of-tree module taints kernel.
[   23.666839] zlua: module license 'MIT' taints kernel.
[   23.666840] Disabling lock debugging due to kernel taint
[   25.486225] ZFS: Loaded module v0.8.4-1ubuntu11.1, ZFS pool version 5000, ZFS filesystem version 5
[   26.542003] audit: type=1400 audit(1619764263.555:2): apparmor="STATUS" operation="profile_load" profile="unconfined" name="snap.snap-store.hook.configure" pid=1435 comm="apparmor_parser"
[   27.466208] audit: type=1400 audit(1619764264.479:3): apparmor="STATUS" operation="profile_load" profile="unconfined" name="/snap/snapd/11036/usr/lib/snapd/snap-confine" pid=1433 comm="apparmor_parser"
[   27.468207] audit: type=1400 audit(1619764264.479:4): apparmor="STATUS" operation="profile_load" profile="unconfined" name="/snap/snapd/11036/usr/lib/snapd/snap-confine//mount-namespace-capture-helper" pid=1433 comm="apparmor_parser"
[   27.621501] audit: type=1400 audit(1619764264.635:5): apparmor="STATUS" operation="profile_load" profile="unconfined" name="snap.snap-store.snap-store" pid=1436 comm="apparmor_parser"
[   28.122269] audit: type=1400 audit(1619764265.135:6): apparmor="STATUS" operation="profile_load" profile="unconfined" name="snap-update-ns.snap-store" pid=1434 comm="apparmor_parser"
[   28.313404] audit: type=1400 audit(1619764265.327:7): apparmor="STATUS" operation="profile_load" profile="unconfined" name="snap.snap-store.ubuntu-software" pid=1438 comm="apparmor_parser"
[   28.820543] audit: type=1400 audit(1619764265.831:8): apparmor="STATUS" operation="profile_load" profile="unconfined" name="snap.snap-store.ubuntu-software-local-file" pid=1609 comm="apparmor_parser"
[   30.689682] Bluetooth: BNEP (Ethernet Emulation) ver 1.3
[   30.689685] Bluetooth: BNEP filters: protocol multicast
[   30.689692] Bluetooth: BNEP socket layer initialized
[   30.717619] NET: Registered protocol family 38
[   32.623083] RTL8208 Fast Ethernet r8169-200:00: attached PHY driver [RTL8208 Fast Ethernet] (mii_bus:phy_addr=r8169-200:00, irq=IGNORE)
[   32.910519] r8169 0000:02:00.0 enp2s0: Link is Down
[   32.940874] iwlwifi 0000:03:00.0: Applying debug destination EXTERNAL_DRAM
[   33.026709] iwlwifi 0000:03:00.0: Applying debug destination EXTERNAL_DRAM
[   33.028631] iwlwifi 0000:03:00.0: FW already configured (0) - re-configuring
[   35.330113] audit: type=1400 audit(1619764272.343:9): apparmor="STATUS" operation="profile_replace" profile="unconfined" name="/snap/snapd/11036/usr/lib/snapd/snap-confine" pid=1820 comm="apparmor_parser"
[   35.356768] audit: type=1400 audit(1619764272.367:10): apparmor="STATUS" operation="profile_replace" info="same as current profile, skipping" profile="unconfined" name="/snap/snapd/11036/usr/lib/snapd/snap-confine//mount-namespace-capture-helper" pid=1820 comm="apparmor_parser"
[   36.549409] audit: type=1400 audit(1619764273.563:11): apparmor="STATUS" operation="profile_replace" profile="unconfined" name="snap.snap-store.hook.configure" pid=1842 comm="apparmor_parser"
[   37.453128] Bluetooth: RFCOMM TTY layer initialized
[   37.453142] Bluetooth: RFCOMM socket layer initialized
[   37.453159] Bluetooth: RFCOMM ver 1.11
[   37.776973] audit: type=1400 audit(1619764274.787:12): apparmor="STATUS" operation="profile_replace" profile="unconfined" name="snap.snap-store.ubuntu-software" pid=1844 comm="apparmor_parser"
[   37.911892] audit: type=1400 audit(1619764274.923:13): apparmor="STATUS" operation="profile_replace" profile="unconfined" name="snap.snap-store.snap-store" pid=1843 comm="apparmor_parser"
[   38.651139] audit: type=1400 audit(1619764275.663:14): apparmor="STATUS" operation="profile_replace" profile="unconfined" name="snap-update-ns.snap-store" pid=1841 comm="apparmor_parser"
[   39.426059] audit: type=1400 audit(1619764276.439:15): apparmor="STATUS" operation="profile_replace" profile="unconfined" name="snap.snap-store.ubuntu-software-local-file" pid=1935 comm="apparmor_parser"
[   81.364963] rfkill: input handler disabled
[  440.708508] wlp3s0: authenticate with 06:ba:8d:ce:16:5d
[  440.714757] wlp3s0: send auth to 06:ba:8d:ce:16:5d (try 1/3)
[  440.718146] wlp3s0: authenticated
[  440.721183] wlp3s0: associate with 06:ba:8d:ce:16:5d (try 1/3)
[  440.726017] wlp3s0: RX AssocResp from 06:ba:8d:ce:16:5d (capab=0x411 status=0 aid=1)
[  440.729369] wlp3s0: associated
[  440.785660] IPv6: ADDRCONF(NETDEV_CHANGE): wlp3s0: link becomes ready
[  554.916631] SGI XFS with ACLs, security attributes, realtime, quota, no debug enabled
[  554.949365] JFS: nTxBlock = 8192, nTxLock = 65536
[  554.982646] ntfs: driver 2.1.32 [Flags: R/O MODULE].
[  555.033299] QNX4 filesystem 0.2.3 registered.
[  555.460258] raid6: using ssse3x2 recovery algorithm
[  555.467523] xor: measuring software checksum speed
[  555.606789] Btrfs loaded, crc32c=crc32c-intel
[  558.845329] EXT4-fs (sda2): mounted filesystem with ordered data mode. Opts: (null)
[  603.363662] ------------[ cut here ]------------
[  603.363667] [Firmware Bug]: Page fault caused by firmware at PA: 0x66d4b1d0
[  603.363679] WARNING: CPU: 1 PID: 211 at arch/x86/platform/efi/quirks.c:743 efi_recover_from_page_fault+0x2e/0xcc
[  603.363680] Modules linked in: btrfs blake2b_generic xor raid6_pq ufs qnx4 hfsplus hfs minix ntfs msdos jfs xfs libcrc32c ccm rfcomm cmac algif_hash algif_skcipher af_alg bnep zfs(PO) zunicode(PO) zavl(PO) icp(PO) zcommon(PO) znvpair(PO) spl(O) zlua(PO) iwlmvm snd_sof_pci snd_sof_intel_byt snd_sof_intel_ipc snd_sof_intel_hda_common snd_soc_hdac_hda snd_sof_xtensa_dsp snd_sof_intel_hda mac80211 snd_sof snd_hda_ext_core snd_soc_acpi_intel_match snd_soc_acpi snd_soc_core libarc4 btusb btrtl uvcvideo btbcm btintel bluetooth snd_hda_codec_hdmi snd_compress ac97_bus snd_hda_codec_generic snd_pcm_dmaengine ledtrig_audio snd_hda_intel iwlwifi snd_intel_dspcfg snd_hda_codec snd_hda_core intel_rapl_msr snd_hwdep snd_pcm intel_rapl_common intel_pmc_bxt intel_telemetry_pltdrv intel_punit_ipc intel_telemetry_core x86_pkg_temp_thermal intel_powerclamp mei_hdcp coretemp rapl cfg80211 snd_seq_midi snd_seq_midi_event intel_cstate input_leds ecdh_generic ecc snd_rawmidi serio_raw joydev at24 mac_hid snd_seq
[  603.363729]  intel_xhci_usb_role_switch snd_seq_device roles snd_timer ideapad_laptop sparse_keymap efi_pstore snd mei_me wmi_bmof mei soundcore sch_fq_codel parport_pc ppdev lp parport ip_tables x_tables autofs4 overlay nls_iso8859_1 dm_mirror dm_region_hash dm_log hid_rmi rmi_core videobuf2_vmalloc videobuf2_memops videobuf2_v4l2 videobuf2_common videodev mc hid_generic uas usb_storage i915 i2c_algo_bit drm_kms_helper syscopyarea sysfillrect sysimgblt fb_sys_fops crct10dif_pclmul cec rc_core crc32_pclmul ghash_clmulni_intel aesni_intel i2c_i801 intel_lpss_pci intel_lpss idma64 crypto_simd virt_dma i2c_smbus lpc_ich drm cryptd r8169 ahci xhci_pci glue_helper xhci_pci_renesas realtek libahci wmi i2c_hid hid video pinctrl_broxton pinctrl_intel
[  603.363770] CPU: 1 PID: 211 Comm: kworker/u8:3 Tainted: P           O      5.8.0-43-generic #49~20.04.1-Ubuntu
[  603.363771] Hardware name: LENOVO 80XR/LNVNB161216, BIOS 5RCN20WW 05/22/2017
[  603.363776] Workqueue: efi_rts_wq efi_call_rts
[  603.363779] RIP: 0010:efi_recover_from_page_fault+0x2e/0xcc
[  603.363782] Code: 00 8b 15 a5 56 d1 01 85 d2 74 09 48 81 ff ff 0f 00 00 77 01 c3 55 48 89 fe 48 c7 c7 38 e2 9a a1 48 89 e5 53 50 e8 b7 05 01 00 <0f> 0b 83 3d 79 56 d1 01 0a 0f 84 8f 00 00 00 48 8b 05 ac a1 7e 01
[  603.363783] RSP: 0018:ffffab13c0263a40 EFLAGS: 00010086
[  603.363784] RAX: 0000000000000000 RBX: ffff980328988000 RCX: 0000000000000027
[  603.363785] RDX: 0000000000000027 RSI: 0000000000000092 RDI: ffff98033bc98cd8
[  603.363786] RBP: ffffab13c0263a50 R08: ffff98033bc98cd0 R09: 0000000000000004
[  603.363787] R10: 0000000000000000 R11: 0000000000000001 R12: ffffab13c0263bc8
[  603.363788] R13: 0000000066d4b1d0 R14: 0000000000000000 R15: 000000000000000b
[  603.363789] FS:  0000000000000000(0000) GS:ffff98033bc80000(0000) knlGS:0000000000000000
[  603.363791] CS:  0010 DS: 0000 ES: 0000 CR0: 0000000080050033
[  603.363792] CR2: 0000000066d4b1d0 CR3: 000000017b1a0000 CR4: 00000000003406e0
[  603.363793] Call Trace:
[  603.363801]  no_context+0x119/0x350
[  603.363805]  ? find_next_and_bit+0xc/0x10
[  603.363808]  ? cpumask_next_and+0x1e/0x20
[  603.363810]  __bad_area_nosemaphore+0x50/0x160
[  603.363812]  bad_area_nosemaphore+0x16/0x20
[  603.363814]  do_user_addr_fault+0x250/0x440
[  603.363817]  ? dbs_update_util_handler+0x1b/0x80
[  603.363820]  ? do_softirq_own_stack+0x3d/0x50
[  603.363823]  ? irq_exit_rcu+0x42/0xb0
[  603.363827]  exc_page_fault+0x86/0x1b0
[  603.363829]  asm_exc_page_fault+0x1e/0x30
[  603.363831] RIP: 0010:0xfffffffefb052d38
[  603.363833] Code: cb 48 8b c1 48 83 c4 20 5b c3 48 8b d1 b9 04 00 00 00 e9 b7 ff ff ff cc cc cc 48 83 ec 28 48 8b 05 35 4b 00 00 4c 8d 44 24 40 <ff> 50 40 48 8b 4c 24 40 33 d2 48 85 c0 48 0f 48 ca 48 8b c1 48 83
[  603.363834] RSP: 0018:ffffab13c0263c70 EFLAGS: 00010082
[  603.363835] RAX: 0000000066d4b190 RBX: 0000000000000002 RCX: 0000000000000004
[  603.363836] RDX: 0000000000000002 RSI: 0000000000000000 RDI: 0000000000000002
[  603.363837] RBP: ffffab13c0263d40 R08: ffffab13c0263cb0 R09: ffffab13c0263da0
[  603.363838] R10: 0000000000000000 R11: 0000000000000018 R12: 0000000000000000
[  603.363839] R13: 0000000000083fb0 R14: ffffab13c0263da0 R15: ffffab13c0263da8
[  603.363844]  ? enqueue_entity+0xfc/0x630
[  603.363846]  ? update_load_avg+0x7c/0x640
[  603.363849]  ? __efi_call+0x28/0x30
[  603.363851]  ? efi_switch_mm+0x31/0x40
[  603.363852]  ? efi_call_rts+0x3ff/0x8d0
[  603.363855]  ? process_one_work+0x1e8/0x3b0
[  603.363857]  ? worker_thread+0x4d/0x3f0
[  603.363860]  ? kthread+0x114/0x150
[  603.363861]  ? process_one_work+0x3b0/0x3b0
[  603.363863]  ? kthread_park+0x90/0x90
[  603.363866]  ? ret_from_fork+0x22/0x30
[  603.363868] ---[ end trace f43490046cd3fe17 ]---
[  603.363882] efi: Froze efi_rts_wq and disabled EFI Runtime Services
[  603.595721] efi: EFI Runtime Services are disabled!
[  889.793867] EXT4-fs (sda2): mounted filesystem with ordered data mode. Opts: (null)
[ 2216.301773] EXT4-fs (sda2): mounted filesystem with ordered data mode. Opts: (null)
[ 2226.071653] perf: interrupt took too long (2516 > 2500), lowering kernel.perf_event_max_sample_rate to 79250

=================== cat /var/log/syslog:
Apr 30 06:31:07 ubuntu systemd-sysusers[1047]: Creating group systemd-coredump with gid 998.
Apr 30 06:31:07 ubuntu kernel: [    0.000000] microcode: microcode updated early to revision 0x40, date = 2020-02-27
Apr 30 06:31:07 ubuntu systemd-sysusers[1047]: Creating user systemd-coredump (systemd Core Dumper) with uid 998 and gid 998.
Apr 30 06:31:07 ubuntu systemd-modules-load[1041]: Inserted module 'lp'
Apr 30 06:31:07 ubuntu systemd-modules-load[1041]: Inserted module 'ppdev'
Apr 30 06:31:07 ubuntu kernel: [    0.000000] Linux version 5.8.0-43-generic (buildd@lcy01-amd64-018) (gcc (Ubuntu 9.3.0-17ubuntu1~20.04) 9.3.0, GNU ld (GNU Binutils for Ubuntu) 2.34) #49~20.04.1-Ubuntu SMP Fri Feb 5 09:57:56 UTC 2021 (Ubuntu 5.8.0-43.49~20.04.1-generic 5.8.18)
Apr 30 06:31:07 ubuntu kernel: [    0.000000] Command line: BOOT_IMAGE=/casper/vmlinuz file=/cdrom/preseed/ubuntu.seed maybe-ubiquity quiet splash ---
Apr 30 06:31:07 ubuntu kernel: [    0.000000] KERNEL supported cpus:
Apr 30 06:31:07 ubuntu kernel: [    0.000000]   Intel GenuineIntel
Apr 30 06:31:07 ubuntu kernel: [    0.000000]   AMD AuthenticAMD
Apr 30 06:31:07 ubuntu kernel: [    0.000000]   Hygon HygonGenuine
Apr 30 06:31:07 ubuntu kernel: [    0.000000]   Centaur CentaurHauls
Apr 30 06:31:07 ubuntu kernel: [    0.000000]   zhaoxin   Shanghai
Apr 30 06:31:07 ubuntu kernel: [    0.000000] x86/fpu: Supporting XSAVE feature 0x001: 'x87 floating point registers'
Apr 30 06:31:07 ubuntu kernel: [    0.000000] x86/fpu: Supporting XSAVE feature 0x002: 'SSE registers'
Apr 30 06:31:07 ubuntu kernel: [    0.000000] x86/fpu: Supporting XSAVE feature 0x008: 'MPX bounds registers'
Apr 30 06:31:07 ubuntu kernel: [    0.000000] x86/fpu: Supporting XSAVE feature 0x010: 'MPX CSR'
Apr 30 06:31:07 ubuntu kernel: [    0.000000] x86/fpu: xstate_offset[3]:  576, xstate_sizes[3]:   64
Apr 30 06:31:07 ubuntu kernel: [    0.000000] x86/fpu: xstate_offset[4]:  640, xstate_sizes[4]:   64
Apr 30 06:31:07 ubuntu kernel: [    0.000000] x86/fpu: Enabled xstate features 0x1b, context size is 704 bytes, using 'compacted' format.
Apr 30 06:31:07 ubuntu kernel: [    0.000000] BIOS-provided physical RAM map:
Apr 30 06:31:07 ubuntu kernel: [    0.000000] BIOS-e820: [mem 0x0000000000000000-0x0000000000057fff] usable
Apr 30 06:31:07 ubuntu kernel: [    0.000000] BIOS-e820: [mem 0x0000000000058000-0x0000000000058fff] reserved
Apr 30 06:31:07 ubuntu kernel: [    0.000000] BIOS-e820: [mem 0x0000000000059000-0x000000000008ffff] usable
Apr 30 06:31:07 ubuntu kernel: [    0.000000] BIOS-e820: [mem 0x0000000000090000-0x00000000000fffff] reserved
Apr 30 06:31:07 ubuntu kernel: [    0.000000] BIOS-e820: [mem 0x0000000000100000-0x000000000fffffff] usable
Apr 30 06:31:07 ubuntu kernel: [    0.000000] BIOS-e820: [mem 0x0000000010000000-0x0000000012150fff] reserved
Apr 30 06:31:07 ubuntu kernel: [    0.000000] BIOS-e820: [mem 0x0000000012151000-0x0000000067b3ffff] usable
Apr 30 06:31:07 ubuntu kernel: [    0.000000] BIOS-e820: [mem 0x0000000067b40000-0x0000000067b40fff] ACPI NVS
Apr 30 06:31:07 ubuntu kernel: [    0.000000] BIOS-e820: [mem 0x0000000067b41000-0x0000000067b6afff] reserved
Apr 30 06:31:07 ubuntu kernel: [    0.000000] BIOS-e820: [mem 0x0000000067b6b000-0x0000000067ba6fff] usable
Apr 30 06:31:07 ubuntu kernel: [    0.000000] BIOS-e820: [mem 0x0000000067ba7000-0x0000000068ba6fff] ACPI NVS
Apr 30 06:31:07 ubuntu kernel: [    0.000000] BIOS-e820: [mem 0x0000000068ba7000-0x000000007822efff] usable
Apr 30 06:31:07 ubuntu kernel: [    0.000000] BIOS-e820: [mem 0x000000007822f000-0x000000007aebefff] reserved
Apr 30 06:31:07 ubuntu kernel: [    0.000000] BIOS-e820: [mem 0x000000007aebf000-0x000000007afbefff] ACPI NVS
Apr 30 06:31:07 ubuntu kernel: [    0.000000] BIOS-e820: [mem 0x000000007afbf000-0x000000007affefff] ACPI data
Apr 30 06:31:07 ubuntu kernel: [    0.000000] BIOS-e820: [mem 0x000000007afff000-0x000000007affffff] usable
Apr 30 06:31:07 ubuntu kernel: [    0.000000] BIOS-e820: [mem 0x000000007b000000-0x000000007fffffff] reserved
Apr 30 06:31:07 ubuntu kernel: [    0.000000] BIOS-e820: [mem 0x00000000e0000000-0x00000000e3ffffff] reserved
Apr 30 06:31:07 ubuntu kernel: [    0.000000] BIOS-e820: [mem 0x00000000fed01000-0x00000000fed01fff] reserved
Apr 30 06:31:07 ubuntu kernel: [    0.000000] BIOS-e820: [mem 0x00000000ff800000-0x00000000ffffffff] reserved
Apr 30 06:31:07 ubuntu kernel: [    0.000000] BIOS-e820: [mem 0x0000000100000000-0x000000017fffffff] usable
Apr 30 06:31:07 ubuntu kernel: [    0.000000] NX (Execute Disable) protection: active
Apr 30 06:31:07 ubuntu kernel: [    0.000000] e820: update [mem 0x6b817018-0x6b827057] usable ==> usable
Apr 30 06:31:07 ubuntu kernel: [    0.000000] e820: update [mem 0x6b817018-0x6b827057] usable ==> usable
Apr 30 06:31:07 ubuntu kernel: [    0.000000] e820: update [mem 0x6b80a018-0x6b816857] usable ==> usable
Apr 30 06:31:07 ubuntu kernel: [    0.000000] e820: update [mem 0x6b80a018-0x6b816857] usable ==> usable
Apr 30 06:31:07 ubuntu kernel: [    0.000000] extended physical RAM map:
Apr 30 06:31:07 ubuntu kernel: [    0.000000] reserve setup_data: [mem 0x0000000000000000-0x0000000000057fff] usable
Apr 30 06:31:07 ubuntu kernel: [    0.000000] reserve setup_data: [mem 0x0000000000058000-0x0000000000058fff] reserved
Apr 30 06:31:07 ubuntu kernel: [    0.000000] reserve setup_data: [mem 0x0000000000059000-0x000000000008ffff] usable
Apr 30 06:31:07 ubuntu kernel: [    0.000000] reserve setup_data: [mem 0x0000000000090000-0x00000000000fffff] reserved
Apr 30 06:31:07 ubuntu kernel: [    0.000000] reserve setup_data: [mem 0x0000000000100000-0x000000000fffffff] usable
Apr 30 06:31:07 ubuntu kernel: [    0.000000] reserve setup_data: [mem 0x0000000010000000-0x0000000012150fff] reserved
Apr 30 06:31:07 ubuntu kernel: [    0.000000] reserve setup_data: [mem 0x0000000012151000-0x0000000067b3ffff] usable
Apr 30 06:31:07 ubuntu kernel: [    0.000000] reserve setup_data: [mem 0x0000000067b40000-0x0000000067b40fff] ACPI NVS
Apr 30 06:31:07 ubuntu kernel: [    0.000000] reserve setup_data: [mem 0x0000000067b41000-0x0000000067b6afff] reserved
Apr 30 06:31:07 ubuntu kernel: [    0.000000] reserve setup_data: [mem 0x0000000067b6b000-0x0000000067ba6fff] usable
Apr 30 06:31:07 ubuntu kernel: [    0.000000] reserve setup_data: [mem 0x0000000067ba7000-0x0000000068ba6fff] ACPI NVS
Apr 30 06:31:07 ubuntu kernel: [    0.000000] reserve setup_data: [mem 0x0000000068ba7000-0x000000006b80a017] usable
Apr 30 06:31:07 ubuntu kernel: [    0.000000] reserve setup_data: [mem 0x000000006b80a018-0x000000006b816857] usable
Apr 30 06:31:07 ubuntu kernel: [    0.000000] reserve setup_data: [mem 0x000000006b816858-0x000000006b817017] usable
Apr 30 06:31:07 ubuntu kernel: [    0.000000] reserve setup_data: [mem 0x000000006b817018-0x000000006b827057] usable
Apr 30 06:31:07 ubuntu kernel: [    0.000000] reserve setup_data: [mem 0x000000006b827058-0x000000007822efff] usable
Apr 30 06:31:07 ubuntu kernel: [    0.000000] reserve setup_data: [mem 0x000000007822f000-0x000000007aebefff] reserved
Apr 30 06:31:07 ubuntu kernel: [    0.000000] reserve setup_data: [mem 0x000000007aebf000-0x000000007afbefff] ACPI NVS
Apr 30 06:31:07 ubuntu kernel: [    0.000000] reserve setup_data: [mem 0x000000007afbf000-0x000000007affefff] ACPI data
Apr 30 06:31:07 ubuntu kernel: [    0.000000] reserve setup_data: [mem 0x000000007afff000-0x000000007affffff] usable
Apr 30 06:31:07 ubuntu kernel: [    0.000000] reserve setup_data: [mem 0x000000007b000000-0x000000007fffffff] reserved
Apr 30 06:31:07 ubuntu kernel: [    0.000000] reserve setup_data: [mem 0x00000000e0000000-0x00000000e3ffffff] reserved
Apr 30 06:31:07 ubuntu kernel: [    0.000000] reserve setup_data: [mem 0x00000000fed01000-0x00000000fed01fff] reserved
Apr 30 06:31:07 ubuntu kernel: [    0.000000] reserve setup_data: [mem 0x00000000ff800000-0x00000000ffffffff] reserved
Apr 30 06:31:07 ubuntu kernel: [    0.000000] reserve setup_data: [mem 0x0000000100000000-0x000000017fffffff] usable
Apr 30 06:31:07 ubuntu kernel: [    0.000000] efi: EFI v2.50 by INSYDE Corp.
Apr 30 06:31:07 ubuntu kernel: [    0.000000] efi: ACPI 2.0=0x7affe014 SMBIOS=0x78767000 SMBIOS 3.0=0x78765000 ESRT=0x78763018 PROP=0x66d4c258 RNG=0x78763918 TPMEventLog=0x6b82a018
Apr 30 06:31:07 ubuntu kernel: [    0.000000] efi: seeding entropy pool
Apr 30 06:31:07 ubuntu kernel: [    0.000000] random: fast init done
Apr 30 06:31:07 ubuntu kernel: [    0.000000] [Firmware Bug]: TPM Final Events table missing or invalid
Apr 30 06:31:07 ubuntu kernel: [    0.000000] secureboot: Secure boot disabled
Apr 30 06:31:07 ubuntu kernel: [    0.000000] SMBIOS 3.0.0 present.
Apr 30 06:31:07 ubuntu kernel: [    0.000000] DMI: LENOVO 80XR/LNVNB161216, BIOS 5RCN20WW 05/22/2017
Apr 30 06:31:07 ubuntu kernel: [    0.000000] tsc: Detected 1094.400 MHz processor
Apr 30 06:31:07 ubuntu kernel: [    0.002868] e820: update [mem 0x00000000-0x00000fff] usable ==> reserved
Apr 30 06:31:07 ubuntu kernel: [    0.002873] e820: remove [mem 0x000a0000-0x000fffff] usable
Apr 30 06:31:07 ubuntu kernel: [    0.002894] last_pfn = 0x180000 max_arch_pfn = 0x400000000
Apr 30 06:31:07 ubuntu kernel: [    0.002902] MTRR default type: uncachable
Apr 30 06:31:07 ubuntu kernel: [    0.002904] MTRR fixed ranges enabled:
Apr 30 06:31:07 ubuntu kernel: [    0.002907]   00000-9FFFF write-back
Apr 30 06:31:07 ubuntu kernel: [    0.002910]   A0000-BFFFF uncachable
Apr 30 06:31:07 ubuntu kernel: [    0.002913]   C0000-FFFFF write-protect
Apr 30 06:31:07 ubuntu kernel: [    0.002914] MTRR variable ranges enabled:
Apr 30 06:31:07 ubuntu kernel: [    0.002918]   0 base 0000000000 mask 7F80000000 write-back
Apr 30 06:31:07 ubuntu kernel: [    0.002922]   1 base 007C000000 mask 7FFC000000 uncachable
Apr 30 06:31:07 ubuntu kernel: [    0.002924]   2 base 007B000000 mask 7FFF000000 uncachable
Apr 30 06:31:07 ubuntu kernel: [    0.002927]   3 base 0100000000 mask 7F80000000 write-back
Apr 30 06:31:07 ubuntu kernel: [    0.002930]   4 base 00FFC00000 mask 70FFC00000 write-combining
Apr 30 06:31:07 ubuntu kernel: [    0.002932]   5 disabled
Apr 30 06:31:07 ubuntu kernel: [    0.002934]   6 disabled
Apr 30 06:31:07 ubuntu kernel: [    0.002935]   7 disabled
Apr 30 06:31:07 ubuntu kernel: [    0.002937]   8 disabled
Apr 30 06:31:07 ubuntu kernel: [    0.002939]   9 disabled
Apr 30 06:31:07 ubuntu kernel: [    0.003059] x86/PAT: Configuration [0-7]: WB  WC  UC- UC  WB  WP  UC- WT
Apr 30 06:31:07 ubuntu kernel: [    0.003162] last_pfn = 0x7b000 max_arch_pfn = 0x400000000
Apr 30 06:31:07 ubuntu kernel: [    0.013621] esrt: Reserving ESRT space from 0x0000000078763018 to 0x0000000078763050.
Apr 30 06:31:07 ubuntu kernel: [    0.013657] check: Scanning 1 areas for low memory corruption
Apr 30 06:31:07 ubuntu kernel: [    0.013678] Using GB pages for direct mapping
Apr 30 06:31:07 ubuntu kernel: [    0.017505] secureboot: Secure boot disabled
Apr 30 06:31:07 ubuntu kernel: [    0.017509] RAMDISK: [mem 0x3a532000-0x3fffdfff]
Apr 30 06:31:07 ubuntu kernel: [    0.017533] ACPI: Early table checksum verification disabled
Apr 30 06:31:07 ubuntu kernel: [    0.017541] ACPI: RSDP 0x000000007AFFE014 000024 (v02 LENOVO)
Apr 30 06:31:07 ubuntu kernel: [    0.017550] ACPI: XSDT 0x000000007AFE1188 0000E4 (v01 LENOVO CB-01    00000001      01000013)
Apr 30 06:31:07 ubuntu kernel: [    0.017563] ACPI: FACP 0x000000007AFF4000 000114 (v06 LENOVO CB-01    00000001 ACPI 00040000)
Apr 30 06:31:07 ubuntu systemd-modules-load[1041]: Inserted module 'parport_pc'
Apr 30 06:31:07 ubuntu systemd[1]: Finished Load Kernel Modules.
Apr 30 06:31:07 ubuntu systemd[1]: Mounting FUSE Control File System...
Apr 30 06:31:07 ubuntu systemd[1]: Mounting Kernel Configuration File System...
Apr 30 06:31:07 ubuntu systemd[1]: Starting Flush Journal to Persistent Storage...
Apr 30 06:31:07 ubuntu systemd[1]: Starting Apply Kernel Variables...
Apr 30 06:31:07 ubuntu systemd[1]: Mounted /tmp.
Apr 30 06:31:07 ubuntu systemd[1]: Mounted FUSE Control File System.
Apr 30 06:31:07 ubuntu systemd[1]: Mounted Kernel Configuration File System.
Apr 30 06:31:07 ubuntu systemd[1]: Mounted Mount unit for gtk-common-themes, revision 1514.
Apr 30 06:31:07 ubuntu systemd[1]: Finished Flush Journal to Persistent Storage.
Apr 30 06:31:07 ubuntu systemd-sysctl[1068]: Not setting net/ipv4/conf/all/promote_secondaries (explicit setting exists).
Apr 30 06:31:07 ubuntu systemd-sysctl[1068]: Not setting net/ipv4/conf/default/promote_secondaries (explicit setting exists).
Apr 30 06:31:07 ubuntu systemd[1]: Finished Apply Kernel Variables.
Apr 30 06:31:07 ubuntu systemd[1]: Finished udev Coldplug all Devices.
Apr 30 06:31:07 ubuntu systemd[1]: Mounted Mount unit for gnome-3-34-1804, revision 66.
Apr 30 06:31:07 ubuntu systemd[1]: Starting udev Wait for Complete Device Initialization...
Apr 30 06:31:07 ubuntu systemd[1]: Mounted Mount unit for snapd, revision 11036.
Apr 30 06:31:07 ubuntu systemd[1]: Mounted Mount unit for core18, revision 1988.
Apr 30 06:31:07 ubuntu systemd[1]: Mounted Mount unit for snap-store, revision 518.
Apr 30 06:31:07 ubuntu systemd[1]: Started udev Kernel Device Manager.
Apr 30 06:31:07 ubuntu systemd[1]: Starting Show Plymouth Boot Screen...
Apr 30 06:31:07 ubuntu systemd[1]: plymouth-start.service: Succeeded.
Apr 30 06:31:07 ubuntu systemd[1]: Started Show Plymouth Boot Screen.
Apr 30 06:31:07 ubuntu systemd[1]: Condition check resulted in Dispatch Password Requests to Console Directory Watch being skipped.
Apr 30 06:31:07 ubuntu systemd[1]: Started Forward Password Requests to Plymouth Directory Watch.
Apr 30 06:31:07 ubuntu systemd[1]: Reached target Local Encrypted Volumes.
Apr 30 06:31:07 ubuntu systemd-udevd[1094]: Using default interface naming scheme 'v245'.
Apr 30 06:31:07 ubuntu systemd[1]: Created slice system-systemdx2dbacklight.slice.
Apr 30 06:31:07 ubuntu systemd[1]: Starting Load/Save Screen Backlight Brightness of backlight:intel_backlight...
Apr 30 06:31:07 ubuntu systemd-udevd[1094]: ethtool: autonegotiation is unset or enabled, the speed and duplex are not writable.
Apr 30 06:31:07 ubuntu systemd[1]: Finished Load/Save Screen Backlight Brightness of backlight:intel_backlight.
Apr 30 06:31:07 ubuntu systemd-udevd[1081]: ethtool: autonegotiation is unset or enabled, the speed and duplex are not writable.
Apr 30 06:31:07 ubuntu systemd[1]: Listening on Load/Save RF Kill Switch Status /dev/rfkill Watch.
Apr 30 06:31:07 ubuntu systemd[1]: Starting Load/Save RF Kill Switch Status...
Apr 30 06:31:07 ubuntu udevadm[1074]: systemd-udev-settle.service is deprecated.
Apr 30 06:31:07 ubuntu systemd[1]: Started Load/Save RF Kill Switch Status.
Apr 30 06:31:07 ubuntu mtp-probe: checking bus 1, device 2: "/sys/devices/pci0000:00/0000:00:15.0/usb1/1-4"
Apr 30 06:31:07 ubuntu mtp-probe: bus: 1, device: 2 was not an MTP device
Apr 30 06:31:07 ubuntu mtp-probe: checking bus 1, device 3: "/sys/devices/pci0000:00/0000:00:15.0/usb1/1-7"
Apr 30 06:31:07 ubuntu mtp-probe: bus: 1, device: 3 was not an MTP device
Apr 30 06:31:07 ubuntu systemd[1]: Starting Show Plymouth Boot Screen...
Apr 30 06:31:07 ubuntu systemd[1]: Condition check resulted in Set Up Additional Binary Formats being skipped.
Apr 30 06:31:07 ubuntu systemd[1]: Condition check resulted in Rebuild Hardware Database being skipped.
Apr 30 06:31:07 ubuntu systemd[1]: Condition check resulted in Platform Persistent Storage Archival being skipped.
Apr 30 06:31:07 ubuntu systemd[1]: plymouth-start.service: Succeeded.
Apr 30 06:31:07 ubuntu systemd[1]: Started Show Plymouth Boot Screen.
Apr 30 06:31:07 ubuntu systemd[1]: Condition check resulted in Dispatch Password Requests to Console Directory Watch being skipped.
Apr 30 06:31:07 ubuntu systemd[1]: Starting Show Plymouth Boot Screen...
Apr 30 06:31:07 ubuntu kernel: [    0.017577] ACPI: DSDT 0x000000007AFE7000 007E78 (v02 LENOVO CB-01    00000001 ACPI 00040000)
Apr 30 06:31:07 ubuntu kernel: [    0.017586] ACPI: FACS 0x000000007AFAE000 000040
Apr 30 06:31:07 ubuntu kernel: [    0.017592] ACPI: FACS 0x000000007AFAE000 000040
Apr 30 06:31:07 ubuntu kernel: [    0.017599] ACPI: UEFI 0x000000007AFFD000 000236 (v01 LENOVO CB-01    00000001 ACPI 00040000)
Apr 30 06:31:07 ubuntu kernel: [    0.017607] ACPI: POAT 0x000000007AFFC000 000055 (v03 LENOVO CB-01    00000001 ACPI 00040000)
Apr 30 06:31:07 ubuntu kernel: [    0.017615] ACPI: BDAT 0x000000007AFFB000 000030 (v02 LENOVO CB-01    00000001 ACPI 00040000)
Apr 30 06:31:07 ubuntu kernel: [    0.017623] ACPI: UEFI 0x000000007AFFA000 000042 (v01 LENOVO CB-01    00000001 ACPI 00040000)
Apr 30 06:31:07 ubuntu kernel: [    0.017631] ACPI: SSDT 0x000000007AFF9000 000554 (v01 LENOVO CB-01    00000001 ACPI 00040000)
Apr 30 06:31:07 ubuntu kernel: [    0.017639] ACPI: TPM2 0x000000007AFF8000 000034 (v03 LENOVO CB-01    00000001 ACPI 00040000)
Apr 30 06:31:07 ubuntu kernel: [    0.017647] ACPI: DBG2 0x000000007AFF7000 000072 (v00 LENOVO CB-01    00000001 ACPI 00040000)
Apr 30 06:31:07 ubuntu kernel: [    0.017655] ACPI: DBGP 0x000000007AFF6000 000034 (v01 LENOVO CB-01    00000001 ACPI 00040000)
Apr 30 06:31:07 ubuntu kernel: [    0.017663] ACPI: HPET 0x000000007AFF3000 000038 (v01 LENOVO CB-01    00000001 ACPI 00040000)
Apr 30 06:31:07 ubuntu kernel: [    0.017670] ACPI: LPIT 0x000000007AFF2000 00005C (v01 LENOVO CB-01    00000001 ACPI 00040000)
Apr 30 06:31:07 ubuntu kernel: [    0.017678] ACPI: APIC 0x000000007AFF1000 000084 (v03 LENOVO CB-01    00000001 ACPI 00040000)
Apr 30 06:31:07 ubuntu systemd[1]: Condition check resulted in Set Up Additional Binary Formats being skipped.
Apr 30 06:31:07 ubuntu systemd[1]: Condition check resulted in Rebuild Hardware Database being skipped.
Apr 30 06:31:07 ubuntu systemd[1]: Condition check resulted in Platform Persistent Storage Archival being skipped.
Apr 30 06:31:07 ubuntu systemd[1]: plymouth-start.service: Succeeded.
Apr 30 06:31:07 ubuntu systemd[1]: Started Show Plymouth Boot Screen.
Apr 30 06:31:07 ubuntu systemd[1]: Condition check resulted in Dispatch Password Requests to Console Directory Watch being skipped.
Apr 30 06:31:07 ubuntu systemd-udevd[1101]: Using default interface naming scheme 'v245'.
Apr 30 06:31:07 ubuntu kernel: [    0.017686] ACPI: MCFG 0x000000007AFF0000 00003C (v01 LENOVO CB-01    00000001 ACPI 00040000)
Apr 30 06:31:07 ubuntu kernel: [    0.017694] ACPI: NPKT 0x000000007AFEF000 000065 (v01 LENOVO CB-01    00000001 ACPI 00040000)
Apr 30 06:31:07 ubuntu kernel: [    0.017702] ACPI: SSDT 0x000000007AFE6000 0002AF (v01 LENOVO CB-01    00000001 ACPI 00040000)
Apr 30 06:31:07 ubuntu kernel: [    0.017710] ACPI: SSDT 0x000000007AFE5000 000400 (v02 LENOVO CB-01    00000001 ACPI 00040000)
Apr 30 06:31:07 ubuntu kernel: [    0.017718] ACPI: SSDT 0x000000007AFE4000 00072B (v02 LENOVO CB-01    00000001 ACPI 00040000)
Apr 30 06:31:07 ubuntu kernel: [    0.017726] ACPI: SSDT 0x000000007AFE3000 00032D (v02 LENOVO CB-01    00000001 ACPI 00040000)
Apr 30 06:31:07 ubuntu kernel: [    0.017734] ACPI: SSDT 0x000000007AFE2000 00017C (v02 LENOVO CB-01    00000001 ACPI 00040000)
Apr 30 06:31:07 ubuntu kernel: [    0.017742] ACPI: SSDT 0x000000007AFDE000 002701 (v02 LENOVO CB-01    00000001 ACPI 00040000)
